******************************************************************************
            TI ARM Clang Linker PC v3.2.2                      
******************************************************************************
>> Linked Wed Jun 12 19:11:31 2024

OUTPUT FILE NAME:   <gpiointerrupt_CC3220S_LAUNCHXL_nortos_ticlang.out>
ENTRY POINT SYMBOL: "resetISR"  address: 20011455


MEMORY CONFIGURATION

         name            origin    length      used     unused   attr    fill
----------------------  --------  ---------  --------  --------  ----  --------
  SRAM2                 20000000   00004000  0000130c  00002cf4  RW X
  SRAM                  20004000   0003c000  0000f44e  0002cbb2  RW X
  LOG_DATA              90000000   00040000  00000000  00040000  R   
  LOG_PTR               94000008   00040000  00000000  00040000  R   


SEGMENT ALLOCATION MAP

run origin  load origin   length   init length attrs members
----------  ----------- ---------- ----------- ----- -------
20003000    20003000    00001000   00000000    rw-
  20003000    20003000    00001000   00000000    rw- .stack
20004000    20004000    00000040   00000040    r--
  20004000    20004000    00000040   00000040    r-- .resetVecs
20004040    20004040    00008000   00000000    rw-
  20004040    20004040    00008000   00000000    rw- .sysmem
2000c040    2000c040    00005b6c   00005b6c    r-x
  2000c040    2000c040    00005b6c   00005b6c    r-x .text
20011c00    20011c00    00000a18   00000000    rw-
  20011c00    20011c00    00000a18   00000000    rw- .bss
20012620    20012620    000006f5   000006f5    r--
  20012620    20012620    000006f5   000006f5    r-- .rodata
20012d18    20012d18    0000069d   00000000    rw-
  20012d18    20012d18    0000069d   00000000    rw- .data
200133b8    200133b8    000000f8   000000f8    r--
  200133b8    200133b8    000000f8   000000f8    r-- .cinit


SECTION ALLOCATION MAP

 output                                  attributes/
section   page    origin      length       input sections
--------  ----  ----------  ----------   ----------------
.text      0    2000c040    00005b6c     
                  2000c040    0000086c     libc.a : _printfi.c.obj (.text:__TI_printfi_nofloat)
                  2000c8ac    000004b8     driverlib.a : prcm.obj (.text.PRCMCC3200MCUInit)
                  2000cd64    000003e4     drivers_cc32xx.a : PowerCC32XX.c.obj (.text.Power_sleep)
                  2000d148    00000222                      : UART2CC32XX.c.obj (.text.UART2CC32XX_hwiIntFxn)
                  2000d36a    00000002     ti_drivers_config.o (.text.Board_initHook)
                  2000d36c    000001cc     drivers_cc32xx.a : UART2CC32XX.c.obj (.text.UART2_open)
                  2000d538    00000180     gpiointerrupt.o (.text.initI2C)
                  2000d6b8    00000174     drivers_cc32xx.a : UART2.c.obj (.text.UART2_writeTimeoutBlocking)
                  2000d82c    00000150     nortos_cc32xx.a : PowerCC32XX_nortos.c.obj (.text.PowerCC32XX_sleepPolicy)
                  2000d97c    00000148     drivers_cc32xx.a : TimerCC32XX.c.obj (.text.Timer_open)
                  2000dac4    00000140                      : GPIOCC32XX.c.obj (.text.GPIO_setConfig)
                  2000dc04    00000138                      : I2CCC32XX.c.obj (.text.I2CCC32XX_hwiFxn)
                  2000dd3c    00000126                      : I2C.c.obj (.text.I2C_transferTimeout)
                  2000de62    00000002                      : I2C.c.obj (.text.I2C_init)
                  2000de64    00000120     libc.a : memory.c.obj (.text.aligned_alloc)
                  2000df84    0000011a     drivers_cc32xx.a : UART2.c.obj (.text.UART2_writeTimeoutNonblocking)
                  2000e09e    00000112     driverlib.a : udma.obj (.text.uDMAChannelTransferSet)
                  2000e1b0    000000fc     libclang_rt.builtins.a : muldf3.S.obj (.text.__muldf3)
                  2000e2ac    000000f0     libc.a : memory.c.obj (.text.free)
                  2000e39c    000000e8     drivers_cc32xx.a : I2CCC32XX.c.obj (.text.I2C_open)
                  2000e484    000000e8                      : UART2CC32XX.c.obj (.text.UART2_close)
                  2000e56c    000000cc                      : UART2CC32XX.c.obj (.text.UART2Support_dmaStartRx)
                  2000e638    000000c8     driverlib.a : interrupt.obj (.text.IntDisable)
                  2000e700    000000c8                 : interrupt.obj (.text.IntEnable)
                  2000e7c8    000000c4     drivers_cc32xx.a : UART2CC32XX.c.obj (.text.UART2CC32XX_initHw)
                  2000e88c    000000b8                      : UART2CC32XX.c.obj (.text.UART2Support_dmaStartTx)
                  2000e944    000000b0     libclang_rt.builtins.a : udivmoddi4.S.obj (.text)
                  2000e9f4    000000ac     driverlib.a : gpio.obj (.text.GPIOIntTypeSet)
                  2000eaa0    000000a4                 : interrupt.obj (.text.IntPendSet)
                  2000eb44    000000a4     gpiointerrupt.o (.text.readTemp)
                  2000ebe8    000000a2     driverlib.a : pin.obj (.text.PinConfigSet)
                  2000ec8a    0000009c     drivers_cc32xx.a : I2CCC32XX.c.obj (.text.I2CCC32XX_completeTransfer)
                  2000ed26    00000098     driverlib.a : i2c.obj (.text.I2CMasterInitExpClk)
                  2000edbe    00000002     nortos_cc32xx.a : PowerCC32XX_nortos.c.obj (.text.PowerCC32XX_initPolicy)
                  2000edc0    00000098                     : SemaphoreP_nortos.c.obj (.text.SemaphoreP_pend)
                  2000ee58    00000008                     : HwiPCC32XX_nortos.c.obj (.text.HwiP_disable)
                  2000ee60    00000096     drivers_cc32xx.a : PowerCC32XX_ticlang.asm.obj (.text)
                  2000eef6    00000092     driverlib.a : udma.obj (.text.uDMAChannelAttributeDisable)
                  2000ef88    00000090     drivers_cc32xx.a : GPIOCC32XX.c.obj (.text.GPIO_init)
                  2000f018    0000008e     driverlib.a : prcm.obj (.text.PRCMSysResetCauseGet)
                  2000f0a6    00000002     nortos_cc32xx.a : SemaphoreP_nortos.c.obj (.text.SemaphoreP_destruct)
                  2000f0a8    00000088     drivers_cc32xx.a : PowerCC32XX.c.obj (.text.PowerCC32XX_configureWakeup)
                  2000f130    0000007a                      : I2CCC32XX.c.obj (.text.I2CCC32XX_primeReadBurst)
                  2000f1aa    00000002                      : Timer.c.obj (.text.Timer_init)
                  2000f1ac    00000078                      : PowerCC32XX.c.obj (.text.Power_init)
                  2000f224    00000074     nortos_cc32xx.a : HwiPCC32XX_nortos.c.obj (.text.HwiP_construct)
                  2000f298    00000074     driverlib.a : prcm.obj (.text.PRCMHibernateWakeUpGPIOSelect)
                  2000f30c    00000074                 : uart.obj (.text.UARTConfigSetExpClk)
                  2000f380    00000070     libc.a : copy_decompress_lzss.c.obj (.text:decompress:lzss)
                  2000f3f0    0000006c     driverlib.a : pin.obj (.text.PinLockLevelSet)
                  2000f45c    0000006c     drivers_cc32xx.a : PowerCC32XX.c.obj (.text.Power_setDependency)
                  2000f4c8    0000006c                      : UDMACC32XX.c.obj (.text.UDMACC32XX_open)
                  2000f534    0000006c     gpiointerrupt.o (.text.mainThread)
                  2000f5a0    0000006c     drivers_cc32xx.a : GPIOCC32XX.c.obj (.text.powerNotifyFxn)
                  2000f60c    0000006c     libc.a : memory.c.obj (.text.split)
                  2000f678    0000006a     driverlib.a : prcm.obj (.text.PRCMPeripheralReset)
                  2000f6e2    00000002     drivers_cc32xx.a : UART2CC32XX.c.obj (.text.UART2CC32XX_eventCallback)
                  2000f6e4    00000068                      : I2CCC32XX.c.obj (.text.I2CCC32XX_initHw)
                  2000f74c    00000068     driverlib.a : interrupt.obj (.text.IntPendClear)
                  2000f7b4    00000066     drivers_cc32xx.a : I2CCC32XX.c.obj (.text.I2CCC32XX_primeWriteBurst)
                  2000f81a    00000002     libclang_rt.builtins.a : aeabi_div0.c.obj (.text.__aeabi_ldiv0)
                  2000f81c    00000060     drivers_cc32xx.a : GPIOCC32XX.c.obj (.text.GPIO_write)
                  2000f87c    00000060                      : UART2CC32XX.c.obj (.text.UART2Support_dmaStopTx)
                  2000f8dc    0000005c     driverlib.a : flash.obj (.text.FlashDisable)
                  2000f938    0000005c     drivers_cc32xx.a : I2CCC32XX.c.obj (.text.I2CSupport_primeTransfer)
                  2000f994    0000005c     driverlib.a : prcm.obj (.text.PRCMHibernateWakeupSourceDisable)
                  2000f9f0    0000005c     drivers_cc32xx.a : TimerCC32XX.c.obj (.text.TimerCC32XX_allocateTimerResource)
                  2000fa4c    0000005a     driverlib.a : prcm.obj (.text.PRCMPeripheralClkEnable)
                  2000faa6    00000002     libc.a : _lock.c.obj (.text._nop)
                  2000faa8    00000058     nortos_cc32xx.a : ClockPSysTick_nortos.c.obj (.text.ClockP_startup)
                  2000fb00    00000058     driverlib.a : interrupt.obj (.text.IntPrioritySet)
                  2000fb58    00000056                 : prcm.obj (.text.PRCMLPDSEnter)
                  2000fbae    00000002     nortos_cc32xx.a : startup_cc32xx_ticlang.c.obj (.text.busFaultHandler)
                  2000fbb0    00000054     drivers_cc32xx.a : PowerCC32XX.c.obj (.text.PowerCC32XX_setParkState)
                  2000fc04    00000054                      : PowerCC32XX.c.obj (.text.Power_releaseDependency)
                  2000fc58    00000054     gpiointerrupt.o (.text.initGPIO)
                  2000fcac    00000050     drivers_cc32xx.a : GPIOCC32XX.c.obj (.text.GPIO_hwiIntFxn)
                  2000fcfc    00000050     driverlib.a : prcm.obj (.text.PRCMHibernateWakeupSourceEnable)
                  2000fd4c    00000050     nortos_cc32xx.a : SemaphoreP_nortos.c.obj (.text.SemaphoreP_construct)
                  2000fd9c    00000050     gpiointerrupt.o (.text.UART2Output)
                  2000fdec    0000004e     driverlib.a : udma.obj (.text.uDMAChannelAssign)
                  2000fe3a    00000002     nortos_cc32xx.a : SemaphoreP_nortos.c.obj (.text.clkFxn)
                  2000fe3c    0000004c     drivers_cc32xx.a : GPIOCC32XX.c.obj (.text.GPIO_setInterruptConfig)
                  2000fe88    0000004c     driverlib.a : prcm.obj (.text.PRCMLPDSRestoreInfoSet)
                  2000fed4    0000004c     drivers_cc32xx.a : TimerCC32XX.c.obj (.text.initHw)
                  2000ff20    0000004a                      : UART2CC32XX.c.obj (.text.UART2Support_dmaStopRx)
                  2000ff6a    0000004a                      : TimerCC32XX.c.obj (.text.getPrescaler)
                  2000ffb4    0000004a     driverlib.a : udma.obj (.text.uDMAChannelSizeGet)
                  2000fffe    00000002     nortos_cc32xx.a : startup_cc32xx_ticlang.c.obj (.text.defaultHandler)
                  20010000    00000048                     : ClockPSysTick_nortos.c.obj (.text.ClockP_sysTickHandler)
                  20010048    00000048     driverlib.a : prcm.obj (.text.PRCMIntEnable)
                  20010090    00000048                 : prcm.obj (.text.PRCMPeripheralStatusGet)
                  200100d8    00000048                 : pin.obj (.text.PinConfigGet)
                  20010120    00000048     libclang_rt.builtins.a : fixdfsi.S.obj (.text.__fixdfsi)
                  20010168    00000046     drivers_cc32xx.a : I2CCC32XX.c.obj (.text.I2CCC32XX_fillTransmitFifo)
                  200101ae    00000046     driverlib.a : prcm.obj (.text.PRCMLPDSEnterKeepDebugIf)
                  200101f4    00000046     drivers_cc32xx.a : RingBuf.c.obj (.text.RingBuf_put)
                  2001023a    00000044     driverlib.a : gpio.obj (.text.GPIODirModeSet)
                  2001027e    00000002     nortos_cc32xx.a : startup_cc32xx_ticlang.c.obj (.text.faultISR)
                  20010280    00000044     drivers_cc32xx.a : GPIOCC32XX.c.obj (.text.GPIO_disableInt)
                  200102c4    00000044                      : GPIOCC32XX.c.obj (.text.GPIO_enableInt)
                  20010308    00000044                      : PowerCC32XX.c.obj (.text.Power_releaseConstraint)
                  2001034c    00000044                      : Timer.c.obj (.text.Timer_start)
                  20010390    00000044     nortos_cc32xx.a : ClockPSysTick_nortos.c.obj (.text.addToList)
                  200103d4    00000044     gpiointerrupt.o (.text.initTimer)
                  20010418    00000044     libc.a : snprintf.c.obj (.text.snprintf)
                  2001045c    00000042     driverlib.a : pin.obj (.text.PinModeSet)
                  2001049e    00000042                 : timer.obj (.text.TimerControlStall)
                  200104e0    00000042     drivers_cc32xx.a : TimerCC32XX.c.obj (.text.Timer_close)
                  20010522    00000042     nortos_cc32xx.a : PowerCC32XX_nortos.c.obj (.text.getCountsRTC)
                  20010564    00000040                     : SemaphoreP_nortos.c.obj (.text.SemaphoreP_post)
                  200105a4    00000040     drivers_cc32xx.a : Timer.c.obj (.text.Timer_stop)
                  200105e4    00000040     libc.a : atoi.c.obj (.text.atoi)
                  20010624    00000040     driverlib.a : udma.obj (.text.uDMAChannelControlSet)
                  20010664    0000003e                 : pin.obj (.text.PinDirModeSet)
                  200106a2    00000002     nortos_cc32xx.a : startup_cc32xx_ticlang.c.obj (.text.nmiISR)
                  200106a4    0000003c                     : ClockPSysTick_nortos.c.obj (.text.ClockP_stop)
                  200106e0    0000003c     drivers_cc32xx.a : UDMACC32XX.c.obj (.text.UDMACC32XX_init)
                  2001071c    0000003a                      : TimerCC32XX.c.obj (.text.TimerSupport_timerEnable)
                  20010756    00000002     --HOLE-- [fill = 0]
                  20010758    00000038     nortos_cc32xx.a : ClockPSysTick_nortos.c.obj (.text.ClockP_destruct)
                  20010790    00000038     drivers_cc32xx.a : PowerCC32XX.c.obj (.text.Power_setConstraint)
                  200107c8    00000038                      : RingBuf.c.obj (.text.RingBuf_putAdvance)
                  20010800    00000038     nortos_cc32xx.a : SwiP_nortos.c.obj (.text.SwiP_restore)
                  20010838    00000038     drivers_cc32xx.a : UDMACC32XX.c.obj (.text.UDMACC32XX_close)
                  20010870    00000038     gpiointerrupt.o (.text.changeSetPointTemp)
                  200108a8    00000038     libc.a : autoinit.c.obj (.text:__TI_auto_init_nobinit_nopinit)
                  200108e0    00000036     driverlib.a : pin.obj (.text.PinLock)
                  20010916    00000036     drivers_cc32xx.a : TimerCC32XX.c.obj (.text.TimerCC32XX_hwiIntFunction)
                  2001094c    00000036     driverlib.a : uart.obj (.text.UARTCharPutNonBlocking)
                  20010982    00000002     --HOLE-- [fill = 0]
                  20010984    00000034     nortos_cc32xx.a : ClockPSysTick_nortos.c.obj (.text.ClockP_start)
                  200109b8    00000034     driverlib.a : i2c.obj (.text.I2CFIFODataPutNonBlocking)
                  200109ec    00000034                 : pin.obj (.text.PinDirModeGet)
                  20010a20    00000034                 : pin.obj (.text.PinModeGet)
                  20010a54    00000034     drivers_cc32xx.a : PowerCC32XX.c.obj (.text.PowerCC32XX_parkPin)
                  20010a88    00000034                      : TimerCC32XX.c.obj (.text.TimerCC32XX_freeTimerResource)
                  20010abc    00000034                      : UART2.c.obj (.text.UART2_rxDisable)
                  20010af0    00000034     nortos_cc32xx.a : startup_cc32xx_ticlang.c.obj (.text.initVectors)
                  20010b24    00000030                     : ClockPSysTick_nortos.c.obj (.text.ClockP_getTicksUntilInterrupt)
                  20010b54    00000030     driverlib.a : i2c.obj (.text.I2CFIFODataGetNonBlocking)
                  20010b84    00000030                 : prcm.obj (.text.PRCMLPDSIntervalSet)
                  20010bb4    00000030                 : prcm.obj (.text.PRCMSlowClkCtrFastGet)
                  20010be4    00000030                 : timer.obj (.text.TimerLoadSet)
                  20010c14    00000030                 : timer.obj (.text.TimerPrescaleSet)
                  20010c44    00000030     libc.a : snprintf.c.obj (.text._outs)
                  20010c74    00000030     gpiointerrupt.o (.text.initUART2)
                  20010ca4    00000030     drivers_cc32xx.a : PowerCC32XX.c.obj (.text.notify)
                  20010cd4    0000002e     driverlib.a : gpio.obj (.text.GPIOIntStatus)
                  20010d02    0000002e     drivers_cc32xx.a : RingBuf.c.obj (.text.RingBuf_getConsume)
                  20010d30    0000002e                      : RingBuf.c.obj (.text.RingBuf_putPointer)
                  20010d5e    0000002e     driverlib.a : uart.obj (.text.UARTDisable)
                  20010d8c    0000002e     libclang_rt.builtins.a : floatsidf.S.obj (.text.__floatsidf)
                  20010dba    0000002c     driverlib.a : i2c.obj (.text.I2CMasterIntStatusEx)
                  20010de6    0000002c     drivers_cc32xx.a : UART2CC32XX.c.obj (.text.UART2CC32XX_getRxData)
                  20010e12    0000002a     nortos_cc32xx.a : HwiPCC32XX_nortos.c.obj (.text.HwiP_create)
                  20010e3c    0000002a     driverlib.a : prcm.obj (.text.PRCMLPDSWakeUpGPIOSelect)
                  20010e66    0000002a                 : prcm.obj (.text.PRCMPeripheralClkDisable)
                  20010e90    0000002a                 : uart.obj (.text.UARTIntStatus)
                  20010eba    00000028                 : i2c.obj (.text.I2CMasterBusBusy)
                  20010ee2    00000028                 : i2c.obj (.text.I2CMasterSlaveAddrSet)
                  20010f0a    00000028                 : i2c.obj (.text.I2CTxFIFOConfigSet)
                  20010f32    00000028     drivers_cc32xx.a : I2C.c.obj (.text.I2C_cancel)
                  20010f5a    00000028                      : List.c.obj (.text.List_remove)
                  20010f82    00000028     driverlib.a : prcm.obj (.text.PRCMSRAMRetentionEnable)
                  20010faa    00000002     --HOLE-- [fill = 0]
                  20010fac    00000028     drivers_cc32xx.a : PowerCC32XX.c.obj (.text.PowerCC32XX_getParkState)
                  20010fd4    00000028                      : TimerCC32XX.c.obj (.text.TimerSupport_timerDisable)
                  20010ffc    00000028     libc.a : memory.c.obj (.text.free_list_insert)
                  20011024    00000024     driverlib.a : i2c.obj (.text.I2CRxFIFOConfigSet)
                  20011048    00000024                 : interrupt.obj (.text.IntUnregister)
                  2001106c    00000024     drivers_cc32xx.a : List.c.obj (.text.List_put)
                  20011090    00000024     driverlib.a : prcm.obj (.text.PRCMLPDSWakeupSourceEnable)
                  200110b4    00000024     drivers_cc32xx.a : PowerCC32XX.c.obj (.text.PowerCC32XX_restoreParkState)
                  200110d8    00000024                      : PowerCC32XX.c.obj (.text.PowerCC32XX_restoreParkedPin)
                  200110fc    00000024                      : PowerCC32XX.c.obj (.text.Power_registerNotify)
                  20011120    00000024                      : UART2CC32XX.c.obj (.text.UART2Support_disableRx)
                  20011144    00000024     gpiointerrupt.o (.text.adjustHeat)
                  20011168    00000024     libc.a : boot_cortex_m.c.obj (.text:_c_int00_noargs)
                  2001118c    00000022     driverlib.a : gpio.obj (.text.GPIOPinWrite)
                  200111ae    00000022                 : pin.obj (.text.PinUnlock)
                  200111d0    00000022     drivers_cc32xx.a : RingBuf.c.obj (.text.RingBuf_getPointer)
                  200111f2    00000022                      : UART2CC32XX.c.obj (.text.UART2Support_sendData)
                  20011214    00000020     driverlib.a : interrupt.obj (.text.IntRegister)
                  20011234    00000020                 : pin.obj (.text.PinTypeI2C)
                  20011254    00000020     drivers_cc32xx.a : PowerCC32XX.c.obj (.text.PowerCC32XX_reset)
                  20011274    00000020                      : PowerCC32XX.c.obj (.text.Power_unregisterNotify)
                  20011294    00000020     nortos_cc32xx.a : SemaphoreP_nortos.c.obj (.text.SemaphoreP_constructBinary)
                  200112b4    00000020                     : SemaphoreP_nortos.c.obj (.text.SemaphoreP_createBinary)
                  200112d4    00000020     driverlib.a : timer.obj (.text.TimerDisable)
                  200112f4    0000001e                 : pin.obj (.text.PinTypeUART)
                  20011312    0000001e     drivers_cc32xx.a : UART2.c.obj (.text.UART2_writeTimeout)
                  20011330    0000001e     driverlib.a : uart.obj (.text.UARTEnable)
                  2001134e    0000001e     libc.a : memccpy.c.obj (.text.memccpy)
                  2001136c    0000001e     driverlib.a : udma.obj (.text.uDMAChannelDisable)
                  2001138a    0000001e                 : udma.obj (.text.uDMAChannelEnable)
                  200113a8    0000001e                 : udma.obj (.text.uDMAChannelIsEnabled)
                  200113c6    00000002     --HOLE-- [fill = 0]
                  200113c8    0000001c     drivers_cc32xx.a : GPIO.c.obj (.text.GPIO_setCallback)
                  200113e4    0000001c     nortos_cc32xx.a : HwiPCC32XX_nortos.c.obj (.text.HwiP_dispatch)
                  20011400    0000001c                     : SwiP_nortos.c.obj (.text.SwiP_disable)
                  2001141c    0000001c     libc.a : memory.c.obj (.text.free_list_remove)
                  20011438    0000001c     drivers_cc32xx.a : TimerCC32XX.c.obj (.text.getPowerMgrId)
                  20011454    0000001c     nortos_cc32xx.a : startup_cc32xx_ticlang.c.obj (.text.resetISR)
                  20011470    0000001a     driverlib.a : gpio.obj (.text.GPIOIntDisable)
                  2001148a    0000001a                 : prcm.obj (.text.PRCMHIBRegRead)
                  200114a4    0000001a                 : prcm.obj (.text.PRCMHIBRegWrite)
                  200114be    0000001a                 : prcm.obj (.text.PRCMLPDSWakeupSourceDisable)
                  200114d8    0000001a                 : pin.obj (.text.PinToPadGet)
                  200114f2    0000001a                 : timer.obj (.text.TimerEnable)
                  2001150c    0000001a                 : uart.obj (.text.UARTFlowControlSet)
                  20011526    00000018                 : gpio.obj (.text.GPIOIntEnable)
                  2001153e    00000018     nortos_cc32xx.a : SemaphoreP_nortos.c.obj (.text.SemaphoreP_create)
                  20011556    00000018     libc.a : snprintf.c.obj (.text._outc)
                  2001156e    00000016     ti_drivers_config.o (.text.Board_init)
                  20011584    00000016     driverlib.a : i2c.obj (.text.I2CMasterBurstLengthSet)
                  2001159a    00000016                 : i2c.obj (.text.I2CMasterIntDisableEx)
                  200115b0    00000016                 : i2c.obj (.text.I2CRxFIFOFlush)
                  200115c6    00000016                 : i2c.obj (.text.I2CTxFIFOFlush)
                  200115dc    00000016                 : systick.obj (.text.SysTickPeriodSet)
                  200115f2    00000016                 : timer.obj (.text.TimerIntDisable)
                  20011608    00000016                 : uart.obj (.text.UARTCharsAvail)
                  2001161e    00000016                 : uart.obj (.text.UARTDMADisable)
                  20011634    00000016                 : uart.obj (.text.UARTFIFOLevelSet)
                  2001164a    00000016                 : uart.obj (.text.UARTIntDisable)
                  20011660    00000014                 : cpu.obj (.text.CPUcpsid)
                  20011674    00000014                 : cpu.obj (.text.CPUcpsie)
                  20011688    00000014     nortos_cc32xx.a : HwiPCC32XX_nortos.c.obj (.text.HwiP_destruct)
                  2001169c    00000014     driverlib.a : i2c.obj (.text.I2CMasterIntEnableEx)
                  200116b0    00000014                 : interrupt.obj (.text.IntVTableBaseSet)
                  200116c4    00000014     drivers_cc32xx.a : PowerCC32XX.c.obj (.text.Power_disablePolicy)
                  200116d8    00000014                      : PowerCC32XX.c.obj (.text.Power_getTransitionLatency)
                  200116ec    00000014                      : PowerCC32XX.c.obj (.text.Power_idleFunc)
                  20011700    00000014     driverlib.a : timer.obj (.text.TimerIntEnable)
                  20011714    00000014                 : uart.obj (.text.UARTDMAEnable)
                  20011728    00000014                 : uart.obj (.text.UARTIntEnable)
                  2001173c    00000014     libclang_rt.builtins.a : aeabi_uldivmod.S.obj (.text.__aeabi_uldivmod)
                  20011750    00000014     gpiointerrupt.o (.text.strlen)
                  20011764    00000014     driverlib.a : udma.obj (.text.uDMAControlBaseSet)
                  20011778    00000014                 : udma.obj (.text.uDMAIntClear)
                  2001178c    00000012     nortos_cc32xx.a : ClockPSysTick_nortos.c.obj (.text.ClockP_add)
                  2001179e    00000012     driverlib.a : gpio.obj (.text.GPIOIntClear)
                  200117b0    00000012     nortos_cc32xx.a : HwiPCC32XX_nortos.c.obj (.text.HwiP_Params_init)
                  200117c2    00000012                     : HwiPCC32XX_nortos.c.obj (.text.HwiP_delete)
                  200117d4    00000012     driverlib.a : i2c.obj (.text.I2CMasterDisable)
                  200117e6    00000012                 : i2c.obj (.text.I2CMasterEnable)
                  200117f8    00000012     drivers_cc32xx.a : I2C.c.obj (.text.I2C_transfer)
                  2001180a    00000012     driverlib.a : systick.obj (.text.SysTickEnable)
                  2001181c    00000012                 : systick.obj (.text.SysTickIntDisable)
                  2001182e    00000012                 : systick.obj (.text.SysTickIntEnable)
                  20011840    00000012     drivers_cc32xx.a : UDMACC32XX.c.obj (.text.postNotifyFxn)
                  20011852    00000012     libc.a : memcpy_t2.S.obj (.text:TI_memcpy_small)
                  20011864    00000010     nortos_cc32xx.a : ClockPSysTick_nortos.c.obj (.text.ClockP_getCpuFreq)
                  20011874    00000010                     : ClockPSysTick_nortos.c.obj (.text.ClockP_getSystemTicks)
                  20011884    00000010                     : ClockPSysTick_nortos.c.obj (.text.ClockP_setTicks)
                  20011894    00000010                     : HwiPCC32XX_nortos.c.obj (.text.HwiP_inISR)
                  200118a4    00000010     driverlib.a : i2c.obj (.text.I2CMasterControl)
                  200118b4    00000010                 : i2c.obj (.text.I2CMasterIntClearEx)
                  200118c4    00000010                 : i2c.obj (.text.I2CMasterTimeoutSet)
                  200118d4    00000010     drivers_cc32xx.a : PowerCC32XX.c.obj (.text.Power_enablePolicy)
                  200118e4    00000010                      : RingBuf.c.obj (.text.RingBuf_construct)
                  200118f4    00000010     driverlib.a : timer.obj (.text.TimerIntClear)
                  20011904    00000010     drivers_cc32xx.a : Timer.c.obj (.text.Timer_Params_init)
                  20011914    00000010                      : UART2CC32XX.c.obj (.text.UART2Support_txDone)
                  20011924    00000010     driverlib.a : uart.obj (.text.UARTBusy)
                  20011934    00000010                 : uart.obj (.text.UARTIntClear)
                  20011944    00000010                 : uart.obj (.text.UARTRxErrorGet)
                  20011954    00000010     main_nortos.o (.text.main)
                  20011964    00000010     libc.a : wcslen.c.obj (.text.wcslen)
                  20011974    00000010            : copy_zero_init.c.obj (.text:decompress:ZI)
                  20011984    0000000e     nortos_cc32xx.a : HwiPCC32XX_nortos.c.obj (.text.HwiP_interruptsEnabled)
                  20011992    0000000e     driverlib.a : i2c.obj (.text.I2CFIFOStatus)
                  200119a0    0000000e     drivers_cc32xx.a : UART2.c.obj (.text.UART2_write)
                  200119ae    0000000e     libc.a : _printfi.c.obj (.text.strlen)
                  200119bc    0000000e     driverlib.a : udma.obj (.text.uDMAEnable)
                  200119ca    0000000e                 : udma.obj (.text.uDMAErrorStatusClear)
                  200119d8    0000000e     libc.a : memset_t2.S.obj (.text:TI_memset_small)
                  200119e6    0000000e            : copy_decompress_none.c.obj (.text:decompress:none)
                  200119f4    0000000c     driverlib.a : cpu.obj (.text.CPUwfi)
                  20011a00    0000000c     drivers_cc32xx.a : I2CCC32XX.c.obj (.text.I2CCC32XX_postNotify)
                  20011a0c    0000000c                      : I2C.c.obj (.text.I2C_Params_init)
                  20011a18    0000000c                      : I2CCC32XX.c.obj (.text.OUTLINED_FUNCTION_0)
                  20011a24    0000000c                      : UART2CC32XX.c.obj (.text.OUTLINED_FUNCTION_0)
                  20011a30    0000000c     gpiointerrupt.o (.text.OUTLINED_FUNCTION_1)
                  20011a3c    0000000c     driverlib.a : prcm.obj (.text.PRCMLPDSWakeupCauseGet)
                  20011a48    0000000c     drivers_cc32xx.a : PowerCC32XX.c.obj (.text.Power_getConstraintMask)
                  20011a54    0000000c                      : UART2CC32XX.c.obj (.text.UART2CC32XX_postNotifyFxn)
                  20011a60    0000000c                      : UART2CC32XX.c.obj (.text.UART2Support_disableTx)
                  20011a6c    0000000c                      : UART2CC32XX.c.obj (.text.UART2Support_enableTx)
                  20011a78    0000000c                      : UART2.c.obj (.text.UART2_Params_init)
                  20011a84    0000000c     gpiointerrupt.o (.text.gpioDecreaseTempCallback)
                  20011a90    0000000c     gpiointerrupt.o (.text.gpioIncreaseTempCallback)
                  20011a9c    0000000c     drivers_cc32xx.a : TimerCC32XX.c.obj (.text.postNotifyFxn)
                  20011aa8    0000000c     gpiointerrupt.o (.text.timerCallback)
                  20011ab4    0000000c     driverlib.a : udma.obj (.text.uDMAErrorStatusGet)
                  20011ac0    0000000a                 : cpu.obj (.text.CPUprimask)
                  20011aca    0000000a     nortos_cc32xx.a : ClockPSysTick_nortos.c.obj (.text.ClockP_isActive)
                  20011ad4    0000000a     driverlib.a : interrupt.obj (.text.IntMasterDisable)
                  20011ade    0000000a                 : interrupt.obj (.text.IntMasterEnable)
                  20011ae8    0000000a     drivers_cc32xx.a : UART2CC32XX.c.obj (.text.OUTLINED_FUNCTION_1)
                  20011af2    0000000a                      : UART2CC32XX.c.obj (.text.OUTLINED_FUNCTION_2)
                  20011afc    0000000a     gpiointerrupt.o (.text.OUTLINED_FUNCTION_2)
                  20011b06    00000002     --HOLE-- [fill = 0]
                  20011b08    0000000a     libclang_rt.builtins.a : aeabi_memset.S.obj (.text.__aeabi_memset)
                  20011b12    0000000a     ti_drivers_config.o (.text.dmaErrorFxn)
                  20011b1c    00000008     nortos_cc32xx.a : HwiPCC32XX_nortos.c.obj (.text.HwiP_restore)
                  20011b24    00000008     drivers_cc32xx.a : I2CCC32XX.c.obj (.text.I2CCC32XX_blockingCallback)
                  20011b2c    00000008                      : I2CCC32XX.c.obj (.text.I2CSupport_controllerFinish)
                  20011b34    00000008     gpiointerrupt.o (.text.OUTLINED_FUNCTION_0)
                  20011b3c    00000008     driverlib.a : prcm.obj (.text.PRCMSleepEnter)
                  20011b44    00000008                 : utils.obj (.text.UtilsDelay)
                  20011b4c    00000008     libc.a : aeabi_portable.c.obj (.text.__aeabi_errno_addr)
                  20011b54    00000008     libclang_rt.builtins.a : aeabi_memset.S.obj (.text.__aeabi_memclr)
                  20011b5c    00000008     libc.a : memory.c.obj (.text.malloc)
                  20011b64    00000006     drivers_cc32xx.a : I2CCC32XX.c.obj (.text.I2CSupport_powerRelConstraint)
                  20011b6a    00000006                      : I2CCC32XX.c.obj (.text.I2CSupport_powerSetConstraint)
                  20011b70    00000006                      : UART2CC32XX.c.obj (.text.UART2Support_powerRelConstraint)
                  20011b76    00000004     nortos_cc32xx.a : ClockPSysTick_nortos.c.obj (.text.ClockP_doTick)
                  20011b7a    00000004                     : HwiPCC32XX_nortos.c.obj (.text.HwiP_clearInterrupt)
                  20011b7e    00000004                     : HwiPCC32XX_nortos.c.obj (.text.HwiP_disableInterrupt)
                  20011b82    00000004                     : HwiPCC32XX_nortos.c.obj (.text.HwiP_enable)
                  20011b86    00000004                     : HwiPCC32XX_nortos.c.obj (.text.HwiP_enableInterrupt)
                  20011b8a    00000004                     : HwiPCC32XX_nortos.c.obj (.text.HwiP_post)
                  20011b8e    00000004     driverlib.a : interrupt.obj (.text.IntDefaultHandler)
                  20011b92    00000004     nortos_cc32xx.a : NoRTOS.c.obj (.text.NoRTOS_start)
                  20011b96    00000004     drivers_cc32xx.a : RingBuf.c.obj (.text.RingBuf_getCount)
                  20011b9a    00000004     nortos_cc32xx.a : SemaphoreP_nortos.c.obj (.text.SemaphoreP_delete)
                  20011b9e    00000002     --HOLE-- [fill = 0]
                  20011ba0    00000004     libclang_rt.builtins.a : aeabi_memcpy.S.obj (.text.__aeabi_memcpy)
                  20011ba4    00000004     libc.a : pre_init.c.obj (.text._system_pre_init)
                  20011ba8    00000004            : exit.c.obj (.text:abort)

.ramVecs   0    20000000    0000030c     NOLOAD SECTION
                  20000000    0000030c     nortos_cc32xx.a : startup_cc32xx_ticlang.c.obj (.ramVecs)

.stack     0    20003000    00001000     UNINITIALIZED
                  20003000    00000004     libc.a : boot_cortex_m.c.obj (.stack)
                  20003004    00000ffc     --HOLE--

.resetVecs 
*          0    20004000    00000040     
                  20004000    00000040     nortos_cc32xx.a : startup_cc32xx_ticlang.c.obj (.resetVecs)

.sysmem    0    20004040    00008000     UNINITIALIZED
                  20004040    00000010     libc.a : memory.c.obj (.sysmem)
                  20004050    00007ff0     --HOLE--

.bss       0    20011c00    00000a18     UNINITIALIZED
                  20011c00    00000400     ti_drivers_config.o (.bss.dmaControlTable)
                  20012000    00000178     (.common:uart2CC32XXObjects0)
                  20012178    0000012c     (.common:PowerCC32XX_contextSave)
                  200122a4    000000fc     (.common:i2cCC32XXObjects)
                  200123a0    00000084     (.common:gpioCallbackFunctions)
                  20012424    00000084     (.common:gpioUserArgs)
                  200124a8    00000084     (.common:timerCC32XXObjects)
                  2001252c    00000040     (.common:output)
                  2001256c    00000020     ti_drivers_config.o (.bss.uart2RxRingBuffer0)
                  2001258c    00000020     ti_drivers_config.o (.bss.uart2TxRingBuffer0)
                  200125ac    00000020     (.common:i2cTransaction)
                  200125cc    00000014     drivers_cc32xx.a : UDMACC32XX.c.obj (.bss.postNotifyObj)
                  200125e0    00000010     (.common:ClockP_ctrl)
                  200125f0    00000008     (.common:udmaCC3220SObject)
                  200125f8    00000004     nortos_cc32xx.a : ClockPSysTick_nortos.c.obj (.bss.sysTickPeriod)
                  200125fc    00000004     libc.a : memory.c.obj (.bss.sys_free)
                  20012600    00000004     drivers_cc32xx.a : TimerCC32XX.c.obj (.bss.timerState.0)
                  20012604    00000004     (.common:UART2)
                  20012608    00000004     (.common:bytesToSend)
                  2001260c    00000004     (.common:i2c)
                  20012610    00000004     (.common:timer0)
                  20012614    00000002     (.common:rxBuffer)
                  20012616    00000001     (.common:BUTTON_STATE)
                  20012617    00000001     (.common:txBuffer)

.rodata    0    20012620    000006f5     
                  20012620    00000101     libc.a : aeabi_ctype.S.obj (.rodata:__aeabi_ctype_table_)
                  20012721    00000002     drivers_cc32xx.a : UART2CC32XX.c.obj (.rodata.stopBits)
                  20012723    00000001     ti_drivers_config.o (.rodata.GPIO_pinUpperBound)
                  20012724    00000100     driverlib.a : pin.obj (.rodata.g_ulPinToPadMap)
                  20012824    000000d4                 : interrupt.obj (.rodata.g_pulRegs)
                  200128f8    000000a8                 : prcm.obj (.rodata.PRCM_PeriphRegsList)
                  200129a0    00000048     gpiointerrupt.o (.rodata.str1.117259490511853709771)
                  200129e8    00000044     ti_drivers_config.o (.rodata.PowerCC32XX_config)
                  20012a2c    00000038     ti_drivers_config.o (.rodata.uart2CC32XXHWAttrs0)
                  20012a64    00000032     gpiointerrupt.o (.rodata.str1.59672170090002130734)
                  20012a96    00000001     ti_drivers_config.o (.rodata.I2C_count)
                  20012a97    00000001     ti_drivers_config.o (.rodata.Timer_count)
                  20012a98    00000030     gpiointerrupt.o (.rodata..L__const.mainThread.tasks)
                  20012ac8    00000028     drivers_cc32xx.a : GPIOCC32XX.c.obj (.rodata.portConfigs)
                  20012af0    00000028     gpiointerrupt.o (.rodata.str1.2552335557485402981)
                  20012b18    00000024     drivers_cc32xx.a : UART2.c.obj (.rodata.UART2_defaultParams)
                  20012b3c    00000021                      : GPIOCC32XX.c.obj (.rodata.pinTable)
                  20012b5d    00000021     gpiointerrupt.o (.rodata.str1.172639838942318644741)
                  20012b7e    00000001     ti_drivers_config.o (.rodata.UART2_count)
                  20012b7f    00000001     --HOLE-- [fill = 0]
                  20012b80    0000001b     gpiointerrupt.o (.rodata.str1.119337933097536889414)
                  20012b9b    00000019     gpiointerrupt.o (.rodata.str1.88141095010518599421)
                  20012bb4    00000018     driverlib.a : interrupt.obj (.rodata.g_pulDisRegs)
                  20012bcc    00000018                 : interrupt.obj (.rodata.g_pulEnRegs)
                  20012be4    00000018                 : interrupt.obj (.rodata.g_pulPendRegs)
                  20012bfc    00000018                 : interrupt.obj (.rodata.g_pulUnpendRegs)
                  20012c14    00000018     gpiointerrupt.o (.rodata.sensors)
                  20012c2c    00000014     ti_drivers_config.o (.rodata.i2cCC32XXHWAttrs)
                  20012c40    00000011     libc.a : _printfi.c.obj (.rodata.str1.11645776875810915891)
                  20012c51    00000011            : _printfi.c.obj (.rodata.str1.44690500295887128011)
                  20012c62    00000002     --HOLE-- [fill = 0]
                  20012c64    00000010     ti_drivers_config.o (.rodata.GPIO_config)
                  20012c74    00000010     drivers_cc32xx.a : I2CCC32XX.c.obj (.rodata.cst16)
                  20012c84    00000010     ti_drivers_config.o (.rodata.timerCC32XXHWAttrs)
                  20012c94    0000000d     gpiointerrupt.o (.rodata.str1.8099049698717124711)
                  20012ca1    00000003     --HOLE-- [fill = 0]
                  20012ca4    0000000c     drivers_cc32xx.a : Timer.c.obj (.rodata.defaultParams)
                  20012cb0    0000000c                      : TimerCC32XX.c.obj (.rodata.defaultParams)
                  20012cbc    0000000c     ti_drivers_config.o (.rodata.udmaCC3220SHWAttrs)
                  20012cc8    00000009     gpiointerrupt.o (.rodata.str1.149745159178111864794)
                  20012cd1    00000003     --HOLE-- [fill = 0]
                  20012cd4    00000009     gpiointerrupt.o (.rodata.str1.27667157146944505614)
                  20012cdd    00000003     --HOLE-- [fill = 0]
                  20012ce0    00000008     ti_drivers_config.o (.rodata.I2C_config)
                  20012ce8    00000008     ti_drivers_config.o (.rodata.Timer_config)
                  20012cf0    00000008     ti_drivers_config.o (.rodata.UART2_config)
                  20012cf8    00000008     ti_drivers_config.o (.rodata.UDMACC32XX_config)
                  20012d00    00000005     drivers_cc32xx.a : UART2CC32XX.c.obj (.rodata.parityType)
                  20012d05    00000004                      : UART2CC32XX.c.obj (.rodata.cst4)
                  20012d09    00000004     gpiointerrupt.o (.rodata.str1.48557138690711581961)
                  20012d0d    00000004     gpiointerrupt.o (.rodata.str1.75752999448730089091)
                  20012d11    00000004     gpiointerrupt.o (.rodata.str1.99899187528894583921)

.cinit     0    200133b8    000000f8     
                  200133b8    000000d4     (.cinit..data.load) [load image, compression = lzss]
                  2001348c    0000000c     (__TI_handler_table)
                  20013498    00000008     (.cinit..bss.load) [load image, compression = zero_init]
                  200134a0    00000010     (__TI_cinit_table)

.init_array 
*          0    20004000    00000000     UNINITIALIZED

.data      0    20012d18    0000069d     UNINITIALIZED
                  20012d18    0000030c     nortos_cc32xx.a : HwiPCC32XX_nortos.c.obj (.data.HwiP_dispatchTable)
                  20013024    0000016c     drivers_cc32xx.a : PowerCC32XX.c.obj (.data.PowerCC32XX_module)
                  20013190    000000f8     ti_drivers_config.o (.data.parkInfo)
                  20013288    00000084     ti_drivers_config.o (.data.gpioPinConfigs)
                  2001330c    0000004c     nortos_cc32xx.a : SwiP_nortos.c.obj (.data..L_MergedGlobals)
                  20013358    00000018     drivers_cc32xx.a : GPIOCC32XX.c.obj (.data..L_MergedGlobals)
                  20013370    00000010     gpiointerrupt.o (.data..L_MergedGlobals)
                  20013380    00000010     nortos_cc32xx.a : SemaphoreP_nortos.c.obj (.data..L_MergedGlobals)
                  20013390    00000008     drivers_cc32xx.a : UDMACC32XX.c.obj (.data..L_MergedGlobals)
                  20013398    00000008     nortos_cc32xx.a : ClockPSysTick_nortos.c.obj (.data..L_MergedGlobals)
                  200133a0    00000004                     : HwiPCC32XX_nortos.c.obj (.data.HwiP_swiPIntNum)
                  200133a4    00000004     libc.a : aeabi_portable.c.obj (.data.__aeabi_errno)
                  200133a8    00000004            : _lock.c.obj (.data._lock)
                  200133ac    00000004            : _lock.c.obj (.data._unlock)
                  200133b0    00000001     drivers_cc32xx.a : GPIOCC32XX.c.obj (.data.initCalled)
                  200133b1    00000001                      : GPIOCC32XX.c.obj (.data.portHwiCreatedBitMask)
                  200133b2    00000002     --HOLE--
                  200133b4    00000001     libc.a : memory.c.obj (.data.memory_is_initialized)

.log_data 
*          0    90000000    00000000     COPY SECTION

.log_ptr   0    94000008    00000000     COPY SECTION

__llvm_prf_cnts 
*          0    20004000    00000000     UNINITIALIZED

__llvm_prf_bits 
*          0    20004000    00000000     UNINITIALIZED

MODULE SUMMARY

       Module                         code    ro data   rw data
       ------                         ----    -------   -------
    .\
       gpiointerrupt.o                1114    362       132    
       main_nortos.o                  16      0         0      
    +--+------------------------------+-------+---------+---------+
       Total:                         1130    362       132    
                                                               
    .\syscfg\
       ti_drivers_config.o            34      224       2500   
    +--+------------------------------+-------+---------+---------+
       Total:                         34      224       2500   
                                                               
    C:/ti/simplelink_cc32xx_sdk_7_10_00_13/kernel/nortos/lib/ticlang/m4/nortos_cc32xx.a
       HwiPCC32XX_nortos.c.obj        308     0         784    
       startup_cc32xx_ticlang.c.obj   88      64        780    
       ClockPSysTick_nortos.c.obj     524     0         28     
       SemaphoreP_nortos.c.obj        392     0         16     
       PowerCC32XX_nortos.c.obj       404     0         0      
       SwiP_nortos.c.obj              84      0         76     
       NoRTOS.c.obj                   4       0         0      
    +--+------------------------------+-------+---------+---------+
       Total:                         1804    64        1684   
                                                               
    C:/ti/simplelink_cc32xx_sdk_7_10_00_13/source/ti/devices/cc32xx/driverlib/ticlang/Release/driverlib.a
       prcm.obj                       2564    168       0      
       interrupt.obj                  868     308       0      
       pin.obj                        750     256       0      
       udma.obj                       806     0         0      
       i2c.obj                        658     0         0      
       uart.obj                       490     0         0      
       gpio.obj                       388     0         0      
       timer.obj                      278     0         0      
       flash.obj                      92      0         0      
       systick.obj                    76      0         0      
       cpu.obj                        62      0         0      
       utils.obj                      8       0         0      
    +--+------------------------------+-------+---------+---------+
       Total:                         7040    732       0      
                                                               
    C:/ti/simplelink_cc32xx_sdk_7_10_00_13/source/ti/drivers/lib/ticlang/m4/drivers_cc32xx.a
       PowerCC32XX.c.obj              2052    0         664    
       UART2CC32XX.c.obj              2198    11        0      
       I2CCC32XX.c.obj                1242    16        0      
       GPIOCC32XX.c.obj               960     73        26     
       TimerCC32XX.c.obj              880     12        4      
       UART2.c.obj                    762     36        0      
       I2C.c.obj                      366     0         0      
       RingBuf.c.obj                  272     0         0      
       UDMACC32XX.c.obj               242     0         28     
       Timer.c.obj                    150     12        0      
       PowerCC32XX_ticlang.asm.obj    150     0         0      
       List.c.obj                     76      0         0      
       GPIO.c.obj                     28      0         0      
    +--+------------------------------+-------+---------+---------+
       Total:                         9378    160       722    
                                                               
    C:\ti\ccs1270\ccs\tools\compiler\ti-cgt-armllvm_3.2.2.LTS\lib\armv7em-ti-none-eabi/c/libc.a
       _printfi.c.obj                 2170    34        0      
       memory.c.obj                   712     0         5      
       aeabi_ctype.S.obj              0       257       0      
       snprintf.c.obj                 140     0         0      
       copy_decompress_lzss.c.obj     112     0         0      
       atoi.c.obj                     64      0         0      
       autoinit.c.obj                 56      0         0      
       boot_cortex_m.c.obj            36      0         0      
       memccpy.c.obj                  30      0         0      
       memcpy_t2.S.obj                18      0         0      
       copy_zero_init.c.obj           16      0         0      
       wcslen.c.obj                   16      0         0      
       copy_decompress_none.c.obj     14      0         0      
       memset_t2.S.obj                14      0         0      
       aeabi_portable.c.obj           8       0         4      
       _lock.c.obj                    2       0         8      
       exit.c.obj                     4       0         0      
       pre_init.c.obj                 4       0         0      
    +--+------------------------------+-------+---------+---------+
       Total:                         3416    291       17     
                                                               
    C:\ti\ccs1270\ccs\tools\compiler\ti-cgt-armllvm_3.2.2.LTS\lib\clang/15.0.7/lib/armv7em-ti-none-eabi/libclang_rt.builtins.a
       muldf3.S.obj                   252     0         0      
       udivmoddi4.S.obj               176     0         0      
       fixdfsi.S.obj                  72      0         0      
       floatsidf.S.obj                46      0         0      
       aeabi_uldivmod.S.obj           20      0         0      
       aeabi_memset.S.obj             18      0         0      
       aeabi_memcpy.S.obj             4       0         0      
       aeabi_div0.c.obj               2       0         0      
    +--+------------------------------+-------+---------+---------+
       Total:                         590     0         0      
                                                               
       Heap:                          0       0         32768  
       Stack:                         0       0         4096   
       Linker Generated:              0       248       0      
    +--+------------------------------+-------+---------+---------+
       Grand Total:                   23392   2081      41919  


LINKER GENERATED COPY TABLES

__TI_cinit_table @ 200134a0 records: 2, size/record: 8, table size: 16
	.data: load addr=200133b8, load size=000000d4 bytes, run addr=20012d18, run size=0000069d bytes, compression=lzss
	.bss: load addr=20013498, load size=00000008 bytes, run addr=20011c00, run size=00000a18 bytes, compression=zero_init


LINKER GENERATED HANDLER TABLE

__TI_handler_table @ 2001348c records: 3, size/record: 4, table size: 12
	index: 0, handler: __TI_decompress_lzss
	index: 1, handler: __TI_decompress_none
	index: 2, handler: __TI_zero_init


GLOBAL SYMBOLS: SORTED ALPHABETICALLY BY Name 

address   name                             
-------   ----                             
20012616  BUTTON_STATE                     
2001156f  Board_init                       
2000d36b  Board_initHook                   
20011ba8  C$$EXIT                          
20011661  CPUcpsid                         
20011675  CPUcpsie                         
20011ac1  CPUprimask                       
200119f5  CPUwfi                           
2001178d  ClockP_add                       
200125e0  ClockP_ctrl                      
20010759  ClockP_destruct                  
20011b77  ClockP_doTick                    
20011865  ClockP_getCpuFreq                
20011875  ClockP_getSystemTicks            
20010b25  ClockP_getTicksUntilInterrupt    
20011acb  ClockP_isActive                  
20011885  ClockP_setTicks                  
20010985  ClockP_start                     
2000faa9  ClockP_startup                   
200106a5  ClockP_stop                      
20010001  ClockP_sysTickHandler            
2001339c  ClockP_tickPeriod                
2000f8dd  FlashDisable                     
2001023b  GPIODirModeSet                   
2001179f  GPIOIntClear                     
20011471  GPIOIntDisable                   
20011527  GPIOIntEnable                    
20010cd5  GPIOIntStatus                    
2000e9f5  GPIOIntTypeSet                   
2001118d  GPIOPinWrite                     
20012c64  GPIO_config                      
20010281  GPIO_disableInt                  
200102c5  GPIO_enableInt                   
2000fcad  GPIO_hwiIntFxn                   
2000ef89  GPIO_init                        
20012723  GPIO_pinUpperBound               
200113c9  GPIO_setCallback                 
2000dac5  GPIO_setConfig                   
2000fe3d  GPIO_setInterruptConfig          
2000f81d  GPIO_write                       
200117b1  HwiP_Params_init                 
20011b7b  HwiP_clearInterrupt              
2000f225  HwiP_construct                   
20010e13  HwiP_create                      
200117c3  HwiP_delete                      
20011689  HwiP_destruct                    
2000ee59  HwiP_disable                     
20011b7f  HwiP_disableInterrupt            
200113e5  HwiP_dispatch                    
20011b83  HwiP_enable                      
20011b87  HwiP_enableInterrupt             
20011895  HwiP_inISR                       
20011985  HwiP_interruptsEnabled           
20011b8b  HwiP_post                        
20011b1d  HwiP_restore                     
200133a0  HwiP_swiPIntNum                  
20010b55  I2CFIFODataGetNonBlocking        
200109b9  I2CFIFODataPutNonBlocking        
20011993  I2CFIFOStatus                    
20011585  I2CMasterBurstLengthSet          
20010ebb  I2CMasterBusBusy                 
200118a5  I2CMasterControl                 
200117d5  I2CMasterDisable                 
200117e7  I2CMasterEnable                  
2000ed27  I2CMasterInitExpClk              
200118b5  I2CMasterIntClearEx              
2001159b  I2CMasterIntDisableEx            
2001169d  I2CMasterIntEnableEx             
20010dbb  I2CMasterIntStatusEx             
20010ee3  I2CMasterSlaveAddrSet            
200118c5  I2CMasterTimeoutSet              
20011025  I2CRxFIFOConfigSet               
200115b1  I2CRxFIFOFlush                   
20011b2d  I2CSupport_controllerFinish      
20011b65  I2CSupport_powerRelConstraint    
20011b6b  I2CSupport_powerSetConstraint    
2000f939  I2CSupport_primeTransfer         
20010f0b  I2CTxFIFOConfigSet               
200115c7  I2CTxFIFOFlush                   
20011a0d  I2C_Params_init                  
20010f33  I2C_cancel                       
20012ce0  I2C_config                       
20012a96  I2C_count                        
2000de63  I2C_init                         
2000e39d  I2C_open                         
200117f9  I2C_transfer                     
2000dd3d  I2C_transferTimeout              
UNDEFED   ITM_flush                        
UNDEFED   ITM_restore                      
2000e639  IntDisable                       
2000e701  IntEnable                        
20011ad5  IntMasterDisable                 
20011adf  IntMasterEnable                  
2000f74d  IntPendClear                     
2000eaa1  IntPendSet                       
2000fb01  IntPrioritySet                   
20011215  IntRegister                      
20011049  IntUnregister                    
200116b1  IntVTableBaseSet                 
2001106d  List_put                         
20010f5b  List_remove                      
20011b93  NoRTOS_start                     
2000c8ad  PRCMCC3200MCUInit                
2001148b  PRCMHIBRegRead                   
200114a5  PRCMHIBRegWrite                  
2000f299  PRCMHibernateWakeUpGPIOSelect    
2000f995  PRCMHibernateWakeupSourceDisable 
2000fcfd  PRCMHibernateWakeupSourceEnable  
20010049  PRCMIntEnable                    
2000fb59  PRCMLPDSEnter                    
200101af  PRCMLPDSEnterKeepDebugIf         
20010b85  PRCMLPDSIntervalSet              
2000fe89  PRCMLPDSRestoreInfoSet           
20010e3d  PRCMLPDSWakeUpGPIOSelect         
20011a3d  PRCMLPDSWakeupCauseGet           
200114bf  PRCMLPDSWakeupSourceDisable      
20011091  PRCMLPDSWakeupSourceEnable       
20010e67  PRCMPeripheralClkDisable         
2000fa4d  PRCMPeripheralClkEnable          
2000f679  PRCMPeripheralReset              
20010091  PRCMPeripheralStatusGet          
20010f83  PRCMSRAMRetentionEnable          
20011b3d  PRCMSleepEnter                   
20010bb5  PRCMSlowClkCtrFastGet            
2000f019  PRCMSysResetCauseGet             
200100d9  PinConfigGet                     
2000ebe9  PinConfigSet                     
200109ed  PinDirModeGet                    
20010665  PinDirModeSet                    
200108e1  PinLock                          
2000f3f1  PinLockLevelSet                  
20010a21  PinModeGet                       
2001045d  PinModeSet                       
200114d9  PinToPadGet                      
20011235  PinTypeI2C                       
200112f5  PinTypeUART                      
200111af  PinUnlock                        
200129e8  PowerCC32XX_config               
2000f0a9  PowerCC32XX_configureWakeup      
20012178  PowerCC32XX_contextSave          
2000ee61  PowerCC32XX_enterLPDS            
20010fad  PowerCC32XX_getParkState         
2000edbf  PowerCC32XX_initPolicy           
20013024  PowerCC32XX_module               
20010a55  PowerCC32XX_parkPin              
20011255  PowerCC32XX_reset                
200110b5  PowerCC32XX_restoreParkState     
200110d9  PowerCC32XX_restoreParkedPin     
2000eea5  PowerCC32XX_resumeLPDS           
2000fbb1  PowerCC32XX_setParkState         
2000d82d  PowerCC32XX_sleepPolicy          
200116c5  Power_disablePolicy              
200118d5  Power_enablePolicy               
20011a49  Power_getConstraintMask          
200116d9  Power_getTransitionLatency       
200116ed  Power_idleFunc                   
2000f1ad  Power_init                       
200110fd  Power_registerNotify             
20010309  Power_releaseConstraint          
2000fc05  Power_releaseDependency          
20010791  Power_setConstraint              
2000f45d  Power_setDependency              
2000cd65  Power_sleep                      
20011275  Power_unregisterNotify           
200118e5  RingBuf_construct                
20010d03  RingBuf_getConsume               
20011b97  RingBuf_getCount                 
200111d1  RingBuf_getPointer               
200101f5  RingBuf_put                      
200107c9  RingBuf_putAdvance               
20010d31  RingBuf_putPointer               
2000fd4d  SemaphoreP_construct             
20011295  SemaphoreP_constructBinary       
2001153f  SemaphoreP_create                
200112b5  SemaphoreP_createBinary          
20013388  SemaphoreP_defaultParams         
20011b9b  SemaphoreP_delete                
2000f0a7  SemaphoreP_destruct              
2000edc1  SemaphoreP_pend                  
20010565  SemaphoreP_post                  
20011401  SwiP_disable                     
20010801  SwiP_restore                     
2001180b  SysTickEnable                    
2001181d  SysTickIntDisable                
2001182f  SysTickIntEnable                 
200115dd  SysTickPeriodSet                 
20011853  TI_memcpy_small                  
200119d9  TI_memset_small                  
2000f9f1  TimerCC32XX_allocateTimerResource
20010a89  TimerCC32XX_freeTimerResource    
2001049f  TimerControlStall                
200112d5  TimerDisable                     
200114f3  TimerEnable                      
20013370  TimerFlag                        
200118f5  TimerIntClear                    
200115f3  TimerIntDisable                  
20011701  TimerIntEnable                   
20010be5  TimerLoadSet                     
20010c15  TimerPrescaleSet                 
20010fd5  TimerSupport_timerDisable        
2001071d  TimerSupport_timerEnable         
20011905  Timer_Params_init                
200104e1  Timer_close                      
20012ce8  Timer_config                     
20012a97  Timer_count                      
2000f1ab  Timer_init                       
2000d97d  Timer_open                       
2001034d  Timer_start                      
200105a5  Timer_stop                       
20012604  UART2                            
2000fd9d  UART2Output                      
20011121  UART2Support_disableRx           
20011a61  UART2Support_disableTx           
2000e56d  UART2Support_dmaStartRx          
2000e88d  UART2Support_dmaStartTx          
2000ff21  UART2Support_dmaStopRx           
2000f87d  UART2Support_dmaStopTx           
20011a6d  UART2Support_enableTx            
20011b71  UART2Support_powerRelConstraint  
200111f3  UART2Support_sendData            
20011915  UART2Support_txDone              
20011a79  UART2_Params_init                
2000e485  UART2_close                      
20012cf0  UART2_config                     
20012b7e  UART2_count                      
20012b18  UART2_defaultParams              
2000d36d  UART2_open                       
20010abd  UART2_rxDisable                  
200119a1  UART2_write                      
20011313  UART2_writeTimeout               
2000d6b9  UART2_writeTimeoutBlocking       
2000df85  UART2_writeTimeoutNonblocking    
20011925  UARTBusy                         
2001094d  UARTCharPutNonBlocking           
20011609  UARTCharsAvail                   
2000f30d  UARTConfigSetExpClk              
2001161f  UARTDMADisable                   
20011715  UARTDMAEnable                    
20010d5f  UARTDisable                      
20011331  UARTEnable                       
20011635  UARTFIFOLevelSet                 
2001150d  UARTFlowControlSet               
20011935  UARTIntClear                     
2001164b  UARTIntDisable                   
20011729  UARTIntEnable                    
20010e91  UARTIntStatus                    
20011945  UARTRxErrorGet                   
20010839  UDMACC32XX_close                 
20012cf8  UDMACC32XX_config                
200106e1  UDMACC32XX_init                  
2000f4c9  UDMACC32XX_open                  
20011b45  UtilsDelay                       
20004000  __STACK_END                      
00001000  __STACK_SIZE                     
00008000  __SYSMEM_SIZE                    
00000000  __TI_ATRegion0_region_sz         
00000000  __TI_ATRegion0_src_addr          
00000000  __TI_ATRegion0_trg_addr          
00000000  __TI_ATRegion1_region_sz         
00000000  __TI_ATRegion1_src_addr          
00000000  __TI_ATRegion1_trg_addr          
00000000  __TI_ATRegion2_region_sz         
00000000  __TI_ATRegion2_src_addr          
00000000  __TI_ATRegion2_trg_addr          
200134a0  __TI_CINIT_Base                  
200134b0  __TI_CINIT_Limit                 
200134b0  __TI_CINIT_Warm                  
2001348c  __TI_Handler_Table_Base          
20013498  __TI_Handler_Table_Limit         
200108a9  __TI_auto_init_nobinit_nopinit   
2000f381  __TI_decompress_lzss             
200119e7  __TI_decompress_none             
ffffffff  __TI_pprof_out_hndl              
2000c041  __TI_printfi_nofloat             
ffffffff  __TI_prof_data_size              
ffffffff  __TI_prof_data_start             
200133b8  __TI_static_base__               
20011975  __TI_zero_init                   
20012620  __aeabi_ctype_table_             
20012620  __aeabi_ctype_table_C            
20010121  __aeabi_d2iz                     
2000e1b1  __aeabi_dmul                     
200133a4  __aeabi_errno                    
20011b4d  __aeabi_errno_addr               
20010d8d  __aeabi_i2d                      
2000f81b  __aeabi_ldiv0                    
20011b55  __aeabi_memclr                   
20011b55  __aeabi_memclr4                  
20011b55  __aeabi_memclr8                  
20011ba1  __aeabi_memcpy                   
20011ba1  __aeabi_memcpy4                  
20011ba1  __aeabi_memcpy8                  
20011b09  __aeabi_memset                   
20011b09  __aeabi_memset4                  
20011b09  __aeabi_memset8                  
2001173d  __aeabi_uldivmod                 
ffffffff  __binit__                        
20010121  __fixdfsi                        
20010d8d  __floatsidf                      
UNDEFED   __mpu_init                       
2000e1b1  __muldf3                         
20003000  __stack                          
20004000  __start___llvm_prf_bits          
20004000  __start___llvm_prf_cnts          
20004000  __stop___llvm_prf_bits           
20004000  __stop___llvm_prf_cnts           
2000e945  __udivmoddi4                     
20011169  _c_int00_noargs                  
200133a8  _lock                            
2000faa7  _nop                             
20004040  _sys_memory                      
UNDEFED   _system_post_cinit               
20011ba5  _system_pre_init                 
200133ac  _unlock                          
20011ba9  abort                            
20011145  adjustHeat                       
2000de65  aligned_alloc                    
200105e5  atoi                             
ffffffff  binit                            
20012608  bytesToSend                      
20010871  changeSetPointTemp               
2000fe3b  clkFxn                           
20013373  decreaseTemp                     
2000e2ad  free                             
200123a0  gpioCallbackFunctions            
20011a85  gpioDecreaseTempCallback         
20011a91  gpioIncreaseTempCallback         
20013288  gpioPinConfigs                   
20012424  gpioUserArgs                     
20013371  heatOn                           
2001260c  i2c                              
20012c2c  i2cCC32XXHWAttrs                 
200122a4  i2cCC32XXObjects                 
200125ac  i2cTransaction                   
20013372  increaseTemp                     
2000fc59  initGPIO                         
2000d539  initI2C                          
200103d5  initTimer                        
20010c75  initUART2                        
20010af1  initVectors                      
20011955  main                             
2000f535  mainThread                       
20011b5d  malloc                           
2000de65  memalign                         
2001134f  memccpy                          
2001252c  output                           
20013190  parkInfo                         
2000eb45  readTemp                         
20011455  resetISR                         
20012614  rxBuffer                         
2001337c  seconds                          
20013378  setPointTemp                     
20010419  snprintf                         
20013374  temperature                      
20012610  timer0                           
20012c84  timerCC32XXHWAttrs               
200124a8  timerCC32XXObjects               
20011aa9  timerCallback                    
20012617  txBuffer                         
2000fded  uDMAChannelAssign                
2000eef7  uDMAChannelAttributeDisable      
20010625  uDMAChannelControlSet            
2001136d  uDMAChannelDisable               
2001138b  uDMAChannelEnable                
200113a9  uDMAChannelIsEnabled             
2000ffb5  uDMAChannelSizeGet               
2000e09f  uDMAChannelTransferSet           
20011765  uDMAControlBaseSet               
200119bd  uDMAEnable                       
200119cb  uDMAErrorStatusClear             
20011ab5  uDMAErrorStatusGet               
20011779  uDMAIntClear                     
20012000  uart2CC32XXObjects0              
20012cbc  udmaCC3220SHWAttrs               
200125f0  udmaCC3220SObject                
20011965  wcslen                           


GLOBAL SYMBOLS: SORTED BY Symbol Address 

address   name                             
-------   ----                             
00000000  __TI_ATRegion0_region_sz         
00000000  __TI_ATRegion0_src_addr          
00000000  __TI_ATRegion0_trg_addr          
00000000  __TI_ATRegion1_region_sz         
00000000  __TI_ATRegion1_src_addr          
00000000  __TI_ATRegion1_trg_addr          
00000000  __TI_ATRegion2_region_sz         
00000000  __TI_ATRegion2_src_addr          
00000000  __TI_ATRegion2_trg_addr          
00001000  __STACK_SIZE                     
00008000  __SYSMEM_SIZE                    
20003000  __stack                          
20004000  __STACK_END                      
20004000  __start___llvm_prf_bits          
20004000  __start___llvm_prf_cnts          
20004000  __stop___llvm_prf_bits           
20004000  __stop___llvm_prf_cnts           
20004040  _sys_memory                      
2000c041  __TI_printfi_nofloat             
2000c8ad  PRCMCC3200MCUInit                
2000cd65  Power_sleep                      
2000d36b  Board_initHook                   
2000d36d  UART2_open                       
2000d539  initI2C                          
2000d6b9  UART2_writeTimeoutBlocking       
2000d82d  PowerCC32XX_sleepPolicy          
2000d97d  Timer_open                       
2000dac5  GPIO_setConfig                   
2000dd3d  I2C_transferTimeout              
2000de63  I2C_init                         
2000de65  aligned_alloc                    
2000de65  memalign                         
2000df85  UART2_writeTimeoutNonblocking    
2000e09f  uDMAChannelTransferSet           
2000e1b1  __aeabi_dmul                     
2000e1b1  __muldf3                         
2000e2ad  free                             
2000e39d  I2C_open                         
2000e485  UART2_close                      
2000e56d  UART2Support_dmaStartRx          
2000e639  IntDisable                       
2000e701  IntEnable                        
2000e88d  UART2Support_dmaStartTx          
2000e945  __udivmoddi4                     
2000e9f5  GPIOIntTypeSet                   
2000eaa1  IntPendSet                       
2000eb45  readTemp                         
2000ebe9  PinConfigSet                     
2000ed27  I2CMasterInitExpClk              
2000edbf  PowerCC32XX_initPolicy           
2000edc1  SemaphoreP_pend                  
2000ee59  HwiP_disable                     
2000ee61  PowerCC32XX_enterLPDS            
2000eea5  PowerCC32XX_resumeLPDS           
2000eef7  uDMAChannelAttributeDisable      
2000ef89  GPIO_init                        
2000f019  PRCMSysResetCauseGet             
2000f0a7  SemaphoreP_destruct              
2000f0a9  PowerCC32XX_configureWakeup      
2000f1ab  Timer_init                       
2000f1ad  Power_init                       
2000f225  HwiP_construct                   
2000f299  PRCMHibernateWakeUpGPIOSelect    
2000f30d  UARTConfigSetExpClk              
2000f381  __TI_decompress_lzss             
2000f3f1  PinLockLevelSet                  
2000f45d  Power_setDependency              
2000f4c9  UDMACC32XX_open                  
2000f535  mainThread                       
2000f679  PRCMPeripheralReset              
2000f74d  IntPendClear                     
2000f81b  __aeabi_ldiv0                    
2000f81d  GPIO_write                       
2000f87d  UART2Support_dmaStopTx           
2000f8dd  FlashDisable                     
2000f939  I2CSupport_primeTransfer         
2000f995  PRCMHibernateWakeupSourceDisable 
2000f9f1  TimerCC32XX_allocateTimerResource
2000fa4d  PRCMPeripheralClkEnable          
2000faa7  _nop                             
2000faa9  ClockP_startup                   
2000fb01  IntPrioritySet                   
2000fb59  PRCMLPDSEnter                    
2000fbb1  PowerCC32XX_setParkState         
2000fc05  Power_releaseDependency          
2000fc59  initGPIO                         
2000fcad  GPIO_hwiIntFxn                   
2000fcfd  PRCMHibernateWakeupSourceEnable  
2000fd4d  SemaphoreP_construct             
2000fd9d  UART2Output                      
2000fded  uDMAChannelAssign                
2000fe3b  clkFxn                           
2000fe3d  GPIO_setInterruptConfig          
2000fe89  PRCMLPDSRestoreInfoSet           
2000ff21  UART2Support_dmaStopRx           
2000ffb5  uDMAChannelSizeGet               
20010001  ClockP_sysTickHandler            
20010049  PRCMIntEnable                    
20010091  PRCMPeripheralStatusGet          
200100d9  PinConfigGet                     
20010121  __aeabi_d2iz                     
20010121  __fixdfsi                        
200101af  PRCMLPDSEnterKeepDebugIf         
200101f5  RingBuf_put                      
2001023b  GPIODirModeSet                   
20010281  GPIO_disableInt                  
200102c5  GPIO_enableInt                   
20010309  Power_releaseConstraint          
2001034d  Timer_start                      
200103d5  initTimer                        
20010419  snprintf                         
2001045d  PinModeSet                       
2001049f  TimerControlStall                
200104e1  Timer_close                      
20010565  SemaphoreP_post                  
200105a5  Timer_stop                       
200105e5  atoi                             
20010625  uDMAChannelControlSet            
20010665  PinDirModeSet                    
200106a5  ClockP_stop                      
200106e1  UDMACC32XX_init                  
2001071d  TimerSupport_timerEnable         
20010759  ClockP_destruct                  
20010791  Power_setConstraint              
200107c9  RingBuf_putAdvance               
20010801  SwiP_restore                     
20010839  UDMACC32XX_close                 
20010871  changeSetPointTemp               
200108a9  __TI_auto_init_nobinit_nopinit   
200108e1  PinLock                          
2001094d  UARTCharPutNonBlocking           
20010985  ClockP_start                     
200109b9  I2CFIFODataPutNonBlocking        
200109ed  PinDirModeGet                    
20010a21  PinModeGet                       
20010a55  PowerCC32XX_parkPin              
20010a89  TimerCC32XX_freeTimerResource    
20010abd  UART2_rxDisable                  
20010af1  initVectors                      
20010b25  ClockP_getTicksUntilInterrupt    
20010b55  I2CFIFODataGetNonBlocking        
20010b85  PRCMLPDSIntervalSet              
20010bb5  PRCMSlowClkCtrFastGet            
20010be5  TimerLoadSet                     
20010c15  TimerPrescaleSet                 
20010c75  initUART2                        
20010cd5  GPIOIntStatus                    
20010d03  RingBuf_getConsume               
20010d31  RingBuf_putPointer               
20010d5f  UARTDisable                      
20010d8d  __aeabi_i2d                      
20010d8d  __floatsidf                      
20010dbb  I2CMasterIntStatusEx             
20010e13  HwiP_create                      
20010e3d  PRCMLPDSWakeUpGPIOSelect         
20010e67  PRCMPeripheralClkDisable         
20010e91  UARTIntStatus                    
20010ebb  I2CMasterBusBusy                 
20010ee3  I2CMasterSlaveAddrSet            
20010f0b  I2CTxFIFOConfigSet               
20010f33  I2C_cancel                       
20010f5b  List_remove                      
20010f83  PRCMSRAMRetentionEnable          
20010fad  PowerCC32XX_getParkState         
20010fd5  TimerSupport_timerDisable        
20011025  I2CRxFIFOConfigSet               
20011049  IntUnregister                    
2001106d  List_put                         
20011091  PRCMLPDSWakeupSourceEnable       
200110b5  PowerCC32XX_restoreParkState     
200110d9  PowerCC32XX_restoreParkedPin     
200110fd  Power_registerNotify             
20011121  UART2Support_disableRx           
20011145  adjustHeat                       
20011169  _c_int00_noargs                  
2001118d  GPIOPinWrite                     
200111af  PinUnlock                        
200111d1  RingBuf_getPointer               
200111f3  UART2Support_sendData            
20011215  IntRegister                      
20011235  PinTypeI2C                       
20011255  PowerCC32XX_reset                
20011275  Power_unregisterNotify           
20011295  SemaphoreP_constructBinary       
200112b5  SemaphoreP_createBinary          
200112d5  TimerDisable                     
200112f5  PinTypeUART                      
20011313  UART2_writeTimeout               
20011331  UARTEnable                       
2001134f  memccpy                          
2001136d  uDMAChannelDisable               
2001138b  uDMAChannelEnable                
200113a9  uDMAChannelIsEnabled             
200113c9  GPIO_setCallback                 
200113e5  HwiP_dispatch                    
20011401  SwiP_disable                     
20011455  resetISR                         
20011471  GPIOIntDisable                   
2001148b  PRCMHIBRegRead                   
200114a5  PRCMHIBRegWrite                  
200114bf  PRCMLPDSWakeupSourceDisable      
200114d9  PinToPadGet                      
200114f3  TimerEnable                      
2001150d  UARTFlowControlSet               
20011527  GPIOIntEnable                    
2001153f  SemaphoreP_create                
2001156f  Board_init                       
20011585  I2CMasterBurstLengthSet          
2001159b  I2CMasterIntDisableEx            
200115b1  I2CRxFIFOFlush                   
200115c7  I2CTxFIFOFlush                   
200115dd  SysTickPeriodSet                 
200115f3  TimerIntDisable                  
20011609  UARTCharsAvail                   
2001161f  UARTDMADisable                   
20011635  UARTFIFOLevelSet                 
2001164b  UARTIntDisable                   
20011661  CPUcpsid                         
20011675  CPUcpsie                         
20011689  HwiP_destruct                    
2001169d  I2CMasterIntEnableEx             
200116b1  IntVTableBaseSet                 
200116c5  Power_disablePolicy              
200116d9  Power_getTransitionLatency       
200116ed  Power_idleFunc                   
20011701  TimerIntEnable                   
20011715  UARTDMAEnable                    
20011729  UARTIntEnable                    
2001173d  __aeabi_uldivmod                 
20011765  uDMAControlBaseSet               
20011779  uDMAIntClear                     
2001178d  ClockP_add                       
2001179f  GPIOIntClear                     
200117b1  HwiP_Params_init                 
200117c3  HwiP_delete                      
200117d5  I2CMasterDisable                 
200117e7  I2CMasterEnable                  
200117f9  I2C_transfer                     
2001180b  SysTickEnable                    
2001181d  SysTickIntDisable                
2001182f  SysTickIntEnable                 
20011853  TI_memcpy_small                  
20011865  ClockP_getCpuFreq                
20011875  ClockP_getSystemTicks            
20011885  ClockP_setTicks                  
20011895  HwiP_inISR                       
200118a5  I2CMasterControl                 
200118b5  I2CMasterIntClearEx              
200118c5  I2CMasterTimeoutSet              
200118d5  Power_enablePolicy               
200118e5  RingBuf_construct                
200118f5  TimerIntClear                    
20011905  Timer_Params_init                
20011915  UART2Support_txDone              
20011925  UARTBusy                         
20011935  UARTIntClear                     
20011945  UARTRxErrorGet                   
20011955  main                             
20011965  wcslen                           
20011975  __TI_zero_init                   
20011985  HwiP_interruptsEnabled           
20011993  I2CFIFOStatus                    
200119a1  UART2_write                      
200119bd  uDMAEnable                       
200119cb  uDMAErrorStatusClear             
200119d9  TI_memset_small                  
200119e7  __TI_decompress_none             
200119f5  CPUwfi                           
20011a0d  I2C_Params_init                  
20011a3d  PRCMLPDSWakeupCauseGet           
20011a49  Power_getConstraintMask          
20011a61  UART2Support_disableTx           
20011a6d  UART2Support_enableTx            
20011a79  UART2_Params_init                
20011a85  gpioDecreaseTempCallback         
20011a91  gpioIncreaseTempCallback         
20011aa9  timerCallback                    
20011ab5  uDMAErrorStatusGet               
20011ac1  CPUprimask                       
20011acb  ClockP_isActive                  
20011ad5  IntMasterDisable                 
20011adf  IntMasterEnable                  
20011b09  __aeabi_memset                   
20011b09  __aeabi_memset4                  
20011b09  __aeabi_memset8                  
20011b1d  HwiP_restore                     
20011b2d  I2CSupport_controllerFinish      
20011b3d  PRCMSleepEnter                   
20011b45  UtilsDelay                       
20011b4d  __aeabi_errno_addr               
20011b55  __aeabi_memclr                   
20011b55  __aeabi_memclr4                  
20011b55  __aeabi_memclr8                  
20011b5d  malloc                           
20011b65  I2CSupport_powerRelConstraint    
20011b6b  I2CSupport_powerSetConstraint    
20011b71  UART2Support_powerRelConstraint  
20011b77  ClockP_doTick                    
20011b7b  HwiP_clearInterrupt              
20011b7f  HwiP_disableInterrupt            
20011b83  HwiP_enable                      
20011b87  HwiP_enableInterrupt             
20011b8b  HwiP_post                        
20011b93  NoRTOS_start                     
20011b97  RingBuf_getCount                 
20011b9b  SemaphoreP_delete                
20011ba1  __aeabi_memcpy                   
20011ba1  __aeabi_memcpy4                  
20011ba1  __aeabi_memcpy8                  
20011ba5  _system_pre_init                 
20011ba8  C$$EXIT                          
20011ba9  abort                            
20012000  uart2CC32XXObjects0              
20012178  PowerCC32XX_contextSave          
200122a4  i2cCC32XXObjects                 
200123a0  gpioCallbackFunctions            
20012424  gpioUserArgs                     
200124a8  timerCC32XXObjects               
2001252c  output                           
200125ac  i2cTransaction                   
200125e0  ClockP_ctrl                      
200125f0  udmaCC3220SObject                
20012604  UART2                            
20012608  bytesToSend                      
2001260c  i2c                              
20012610  timer0                           
20012614  rxBuffer                         
20012616  BUTTON_STATE                     
20012617  txBuffer                         
20012620  __aeabi_ctype_table_             
20012620  __aeabi_ctype_table_C            
20012723  GPIO_pinUpperBound               
200129e8  PowerCC32XX_config               
20012a96  I2C_count                        
20012a97  Timer_count                      
20012b18  UART2_defaultParams              
20012b7e  UART2_count                      
20012c2c  i2cCC32XXHWAttrs                 
20012c64  GPIO_config                      
20012c84  timerCC32XXHWAttrs               
20012cbc  udmaCC3220SHWAttrs               
20012ce0  I2C_config                       
20012ce8  Timer_config                     
20012cf0  UART2_config                     
20012cf8  UDMACC32XX_config                
20013024  PowerCC32XX_module               
20013190  parkInfo                         
20013288  gpioPinConfigs                   
20013370  TimerFlag                        
20013371  heatOn                           
20013372  increaseTemp                     
20013373  decreaseTemp                     
20013374  temperature                      
20013378  setPointTemp                     
2001337c  seconds                          
20013388  SemaphoreP_defaultParams         
2001339c  ClockP_tickPeriod                
200133a0  HwiP_swiPIntNum                  
200133a4  __aeabi_errno                    
200133a8  _lock                            
200133ac  _unlock                          
200133b8  __TI_static_base__               
2001348c  __TI_Handler_Table_Base          
20013498  __TI_Handler_Table_Limit         
200134a0  __TI_CINIT_Base                  
200134b0  __TI_CINIT_Limit                 
200134b0  __TI_CINIT_Warm                  
ffffffff  __TI_pprof_out_hndl              
ffffffff  __TI_prof_data_size              
ffffffff  __TI_prof_data_start             
ffffffff  __binit__                        
ffffffff  binit                            
UNDEFED   ITM_flush                        
UNDEFED   ITM_restore                      
UNDEFED   __mpu_init                       
UNDEFED   _system_post_cinit               

[376 symbols]
