<?xml version="1.0" encoding="ISO-8859-1" ?>
<link_info>
   <banner>TI ARM Clang Linker PC v3.2.2.LTS</banner>
   <copyright>Copyright (c) 1996-2018 Texas Instruments Incorporated</copyright>
   <link_time>0x666a5553</link_time>
   <link_errors>0x0</link_errors>
   <output_file>C:\Users\mary_\TIworkspace_v12\gpiointerrupt_CC3220S_LAUNCHXL_nortos_ticlang\MCU+Image\gpiointerrupt_CC3220S_LAUNCHXL_nortos_ticlang.out</output_file>
   <entry_point>
      <name>resetISR</name>
      <address>0x20011455</address>
   </entry_point>
   <input_file_list>
      <input_file id="fl-1">
         <path>C:\Users\mary_\TIworkspace_v12\gpiointerrupt_CC3220S_LAUNCHXL_nortos_ticlang\MCU+Image\.\</path>
         <kind>object</kind>
         <file>gpiointerrupt.o</file>
         <name>gpiointerrupt.o</name>
      </input_file>
      <input_file id="fl-2">
         <path>C:\Users\mary_\TIworkspace_v12\gpiointerrupt_CC3220S_LAUNCHXL_nortos_ticlang\MCU+Image\.\syscfg\</path>
         <kind>object</kind>
         <file>ti_drivers_config.o</file>
         <name>ti_drivers_config.o</name>
      </input_file>
      <input_file id="fl-3">
         <path>C:\Users\mary_\TIworkspace_v12\gpiointerrupt_CC3220S_LAUNCHXL_nortos_ticlang\MCU+Image\.\</path>
         <kind>object</kind>
         <file>main_nortos.o</file>
         <name>main_nortos.o</name>
      </input_file>
      <input_file id="fl-13">
         <path>C:\Users\mary_\TIworkspace_v12\gpiointerrupt_CC3220S_LAUNCHXL_nortos_ticlang\MCU+Image\</path>
         <kind>object</kind>
         <file>&lt;internal&gt;</file>
         <name>&lt;internal&gt;</name>
      </input_file>
      <input_file id="fl-14">
         <path>C:\ti\simplelink_cc32xx_sdk_7_10_00_13\source\ti\drivers\lib\ticlang\m4\</path>
         <kind>archive</kind>
         <file>drivers_cc32xx.a</file>
         <name>GPIO.c.obj</name>
      </input_file>
      <input_file id="fl-15">
         <path>C:\ti\simplelink_cc32xx_sdk_7_10_00_13\source\ti\drivers\lib\ticlang\m4\</path>
         <kind>archive</kind>
         <file>drivers_cc32xx.a</file>
         <name>GPIOCC32XX.c.obj</name>
      </input_file>
      <input_file id="fl-16">
         <path>C:\ti\simplelink_cc32xx_sdk_7_10_00_13\source\ti\drivers\lib\ticlang\m4\</path>
         <kind>archive</kind>
         <file>drivers_cc32xx.a</file>
         <name>I2C.c.obj</name>
      </input_file>
      <input_file id="fl-17">
         <path>C:\ti\simplelink_cc32xx_sdk_7_10_00_13\source\ti\drivers\lib\ticlang\m4\</path>
         <kind>archive</kind>
         <file>drivers_cc32xx.a</file>
         <name>I2CCC32XX.c.obj</name>
      </input_file>
      <input_file id="fl-18">
         <path>C:\ti\simplelink_cc32xx_sdk_7_10_00_13\source\ti\drivers\lib\ticlang\m4\</path>
         <kind>archive</kind>
         <file>drivers_cc32xx.a</file>
         <name>PowerCC32XX.c.obj</name>
      </input_file>
      <input_file id="fl-19">
         <path>C:\ti\simplelink_cc32xx_sdk_7_10_00_13\source\ti\drivers\lib\ticlang\m4\</path>
         <kind>archive</kind>
         <file>drivers_cc32xx.a</file>
         <name>PowerCC32XX_ticlang.asm.obj</name>
      </input_file>
      <input_file id="fl-1a">
         <path>C:\ti\simplelink_cc32xx_sdk_7_10_00_13\source\ti\drivers\lib\ticlang\m4\</path>
         <kind>archive</kind>
         <file>drivers_cc32xx.a</file>
         <name>Timer.c.obj</name>
      </input_file>
      <input_file id="fl-1b">
         <path>C:\ti\simplelink_cc32xx_sdk_7_10_00_13\source\ti\drivers\lib\ticlang\m4\</path>
         <kind>archive</kind>
         <file>drivers_cc32xx.a</file>
         <name>TimerCC32XX.c.obj</name>
      </input_file>
      <input_file id="fl-1c">
         <path>C:\ti\simplelink_cc32xx_sdk_7_10_00_13\source\ti\drivers\lib\ticlang\m4\</path>
         <kind>archive</kind>
         <file>drivers_cc32xx.a</file>
         <name>UART2.c.obj</name>
      </input_file>
      <input_file id="fl-1d">
         <path>C:\ti\simplelink_cc32xx_sdk_7_10_00_13\source\ti\drivers\lib\ticlang\m4\</path>
         <kind>archive</kind>
         <file>drivers_cc32xx.a</file>
         <name>UART2CC32XX.c.obj</name>
      </input_file>
      <input_file id="fl-1e">
         <path>C:\ti\simplelink_cc32xx_sdk_7_10_00_13\source\ti\drivers\lib\ticlang\m4\</path>
         <kind>archive</kind>
         <file>drivers_cc32xx.a</file>
         <name>List.c.obj</name>
      </input_file>
      <input_file id="fl-1f">
         <path>C:\ti\simplelink_cc32xx_sdk_7_10_00_13\source\ti\drivers\lib\ticlang\m4\</path>
         <kind>archive</kind>
         <file>drivers_cc32xx.a</file>
         <name>RingBuf.c.obj</name>
      </input_file>
      <input_file id="fl-20">
         <path>C:\ti\simplelink_cc32xx_sdk_7_10_00_13\source\ti\drivers\lib\ticlang\m4\</path>
         <kind>archive</kind>
         <file>drivers_cc32xx.a</file>
         <name>UDMACC32XX.c.obj</name>
      </input_file>
      <input_file id="fl-21">
         <path>C:\ti\simplelink_cc32xx_sdk_7_10_00_13\kernel\nortos\lib\ticlang\m4\</path>
         <kind>archive</kind>
         <file>nortos_cc32xx.a</file>
         <name>NoRTOS.c.obj</name>
      </input_file>
      <input_file id="fl-22">
         <path>C:\ti\simplelink_cc32xx_sdk_7_10_00_13\kernel\nortos\lib\ticlang\m4\</path>
         <kind>archive</kind>
         <file>nortos_cc32xx.a</file>
         <name>SemaphoreP_nortos.c.obj</name>
      </input_file>
      <input_file id="fl-23">
         <path>C:\ti\simplelink_cc32xx_sdk_7_10_00_13\kernel\nortos\lib\ticlang\m4\</path>
         <kind>archive</kind>
         <file>nortos_cc32xx.a</file>
         <name>ClockPSysTick_nortos.c.obj</name>
      </input_file>
      <input_file id="fl-24">
         <path>C:\ti\simplelink_cc32xx_sdk_7_10_00_13\kernel\nortos\lib\ticlang\m4\</path>
         <kind>archive</kind>
         <file>nortos_cc32xx.a</file>
         <name>HwiPCC32XX_nortos.c.obj</name>
      </input_file>
      <input_file id="fl-25">
         <path>C:\ti\simplelink_cc32xx_sdk_7_10_00_13\kernel\nortos\lib\ticlang\m4\</path>
         <kind>archive</kind>
         <file>nortos_cc32xx.a</file>
         <name>PowerCC32XX_nortos.c.obj</name>
      </input_file>
      <input_file id="fl-26">
         <path>C:\ti\simplelink_cc32xx_sdk_7_10_00_13\kernel\nortos\lib\ticlang\m4\</path>
         <kind>archive</kind>
         <file>nortos_cc32xx.a</file>
         <name>startup_cc32xx_ticlang.c.obj</name>
      </input_file>
      <input_file id="fl-27">
         <path>C:\ti\simplelink_cc32xx_sdk_7_10_00_13\kernel\nortos\lib\ticlang\m4\</path>
         <kind>archive</kind>
         <file>nortos_cc32xx.a</file>
         <name>SwiP_nortos.c.obj</name>
      </input_file>
      <input_file id="fl-28">
         <path>C:\ti\simplelink_cc32xx_sdk_7_10_00_13\source\ti\devices\cc32xx\driverlib\ticlang\Release\</path>
         <kind>archive</kind>
         <file>driverlib.a</file>
         <name>cpu.obj</name>
      </input_file>
      <input_file id="fl-29">
         <path>C:\ti\simplelink_cc32xx_sdk_7_10_00_13\source\ti\devices\cc32xx\driverlib\ticlang\Release\</path>
         <kind>archive</kind>
         <file>driverlib.a</file>
         <name>gpio.obj</name>
      </input_file>
      <input_file id="fl-2a">
         <path>C:\ti\simplelink_cc32xx_sdk_7_10_00_13\source\ti\devices\cc32xx\driverlib\ticlang\Release\</path>
         <kind>archive</kind>
         <file>driverlib.a</file>
         <name>hwspinlock.obj</name>
      </input_file>
      <input_file id="fl-2b">
         <path>C:\ti\simplelink_cc32xx_sdk_7_10_00_13\source\ti\devices\cc32xx\driverlib\ticlang\Release\</path>
         <kind>archive</kind>
         <file>driverlib.a</file>
         <name>i2c.obj</name>
      </input_file>
      <input_file id="fl-2c">
         <path>C:\ti\simplelink_cc32xx_sdk_7_10_00_13\source\ti\devices\cc32xx\driverlib\ticlang\Release\</path>
         <kind>archive</kind>
         <file>driverlib.a</file>
         <name>interrupt.obj</name>
      </input_file>
      <input_file id="fl-2d">
         <path>C:\ti\simplelink_cc32xx_sdk_7_10_00_13\source\ti\devices\cc32xx\driverlib\ticlang\Release\</path>
         <kind>archive</kind>
         <file>driverlib.a</file>
         <name>pin.obj</name>
      </input_file>
      <input_file id="fl-2e">
         <path>C:\ti\simplelink_cc32xx_sdk_7_10_00_13\source\ti\devices\cc32xx\driverlib\ticlang\Release\</path>
         <kind>archive</kind>
         <file>driverlib.a</file>
         <name>prcm.obj</name>
      </input_file>
      <input_file id="fl-2f">
         <path>C:\ti\simplelink_cc32xx_sdk_7_10_00_13\source\ti\devices\cc32xx\driverlib\ticlang\Release\</path>
         <kind>archive</kind>
         <file>driverlib.a</file>
         <name>spi.obj</name>
      </input_file>
      <input_file id="fl-30">
         <path>C:\ti\simplelink_cc32xx_sdk_7_10_00_13\source\ti\devices\cc32xx\driverlib\ticlang\Release\</path>
         <kind>archive</kind>
         <file>driverlib.a</file>
         <name>systick.obj</name>
      </input_file>
      <input_file id="fl-31">
         <path>C:\ti\simplelink_cc32xx_sdk_7_10_00_13\source\ti\devices\cc32xx\driverlib\ticlang\Release\</path>
         <kind>archive</kind>
         <file>driverlib.a</file>
         <name>timer.obj</name>
      </input_file>
      <input_file id="fl-32">
         <path>C:\ti\simplelink_cc32xx_sdk_7_10_00_13\source\ti\devices\cc32xx\driverlib\ticlang\Release\</path>
         <kind>archive</kind>
         <file>driverlib.a</file>
         <name>uart.obj</name>
      </input_file>
      <input_file id="fl-33">
         <path>C:\ti\simplelink_cc32xx_sdk_7_10_00_13\source\ti\devices\cc32xx\driverlib\ticlang\Release\</path>
         <kind>archive</kind>
         <file>driverlib.a</file>
         <name>udma.obj</name>
      </input_file>
      <input_file id="fl-34">
         <path>C:\ti\simplelink_cc32xx_sdk_7_10_00_13\source\ti\devices\cc32xx\driverlib\ticlang\Release\</path>
         <kind>archive</kind>
         <file>driverlib.a</file>
         <name>utils.obj</name>
      </input_file>
      <input_file id="fl-35">
         <path>C:\ti\simplelink_cc32xx_sdk_7_10_00_13\source\ti\devices\cc32xx\driverlib\ticlang\Release\</path>
         <kind>archive</kind>
         <file>driverlib.a</file>
         <name>flash.obj</name>
      </input_file>
      <input_file id="fl-44">
         <path>C:\ti\ccs1270\ccs\tools\compiler\ti-cgt-armllvm_3.2.2.LTS\lib\armv7em-ti-none-eabi\c\</path>
         <kind>archive</kind>
         <file>libc.a</file>
         <name>snprintf.c.obj</name>
      </input_file>
      <input_file id="fl-45">
         <path>C:\ti\ccs1270\ccs\tools\compiler\ti-cgt-armllvm_3.2.2.LTS\lib\armv7em-ti-none-eabi\c\</path>
         <kind>archive</kind>
         <file>libc.a</file>
         <name>memory.c.obj</name>
      </input_file>
      <input_file id="fl-46">
         <path>C:\ti\ccs1270\ccs\tools\compiler\ti-cgt-armllvm_3.2.2.LTS\lib\armv7em-ti-none-eabi\c\</path>
         <kind>archive</kind>
         <file>libc.a</file>
         <name>boot_cortex_m.c.obj</name>
      </input_file>
      <input_file id="fl-47">
         <path>C:\ti\ccs1270\ccs\tools\compiler\ti-cgt-armllvm_3.2.2.LTS\lib\armv7em-ti-none-eabi\c\</path>
         <kind>archive</kind>
         <file>libc.a</file>
         <name>mathacl_init.c.obj</name>
      </input_file>
      <input_file id="fl-48">
         <path>C:\ti\ccs1270\ccs\tools\compiler\ti-cgt-armllvm_3.2.2.LTS\lib\armv7em-ti-none-eabi\c\</path>
         <kind>archive</kind>
         <file>libc.a</file>
         <name>autoinit.c.obj</name>
      </input_file>
      <input_file id="fl-49">
         <path>C:\ti\ccs1270\ccs\tools\compiler\ti-cgt-armllvm_3.2.2.LTS\lib\armv7em-ti-none-eabi\c\</path>
         <kind>archive</kind>
         <file>libc.a</file>
         <name>pre_init.c.obj</name>
      </input_file>
      <input_file id="fl-4a">
         <path>C:\ti\ccs1270\ccs\tools\compiler\ti-cgt-armllvm_3.2.2.LTS\lib\armv7em-ti-none-eabi\c\</path>
         <kind>archive</kind>
         <file>libc.a</file>
         <name>cpy_tbl.c.obj</name>
      </input_file>
      <input_file id="fl-4b">
         <path>C:\ti\ccs1270\ccs\tools\compiler\ti-cgt-armllvm_3.2.2.LTS\lib\armv7em-ti-none-eabi\c\</path>
         <kind>archive</kind>
         <file>libc.a</file>
         <name>copy_zero_init.c.obj</name>
      </input_file>
      <input_file id="fl-4c">
         <path>C:\ti\ccs1270\ccs\tools\compiler\ti-cgt-armllvm_3.2.2.LTS\lib\armv7em-ti-none-eabi\c\</path>
         <kind>archive</kind>
         <file>libc.a</file>
         <name>copy_decompress_none.c.obj</name>
      </input_file>
      <input_file id="fl-4d">
         <path>C:\ti\ccs1270\ccs\tools\compiler\ti-cgt-armllvm_3.2.2.LTS\lib\armv7em-ti-none-eabi\c\</path>
         <kind>archive</kind>
         <file>libc.a</file>
         <name>copy_decompress_lzss.c.obj</name>
      </input_file>
      <input_file id="fl-4e">
         <path>C:\ti\ccs1270\ccs\tools\compiler\ti-cgt-armllvm_3.2.2.LTS\lib\armv7em-ti-none-eabi\c\</path>
         <kind>archive</kind>
         <file>libc.a</file>
         <name>_printfi.c.obj</name>
      </input_file>
      <input_file id="fl-4f">
         <path>C:\ti\ccs1270\ccs\tools\compiler\ti-cgt-armllvm_3.2.2.LTS\lib\armv7em-ti-none-eabi\c\</path>
         <kind>archive</kind>
         <file>libc.a</file>
         <name>s_frexp.c.obj</name>
      </input_file>
      <input_file id="fl-50">
         <path>C:\ti\ccs1270\ccs\tools\compiler\ti-cgt-armllvm_3.2.2.LTS\lib\armv7em-ti-none-eabi\c\</path>
         <kind>archive</kind>
         <file>libc.a</file>
         <name>s_scalbn.c.obj</name>
      </input_file>
      <input_file id="fl-51">
         <path>C:\ti\ccs1270\ccs\tools\compiler\ti-cgt-armllvm_3.2.2.LTS\lib\armv7em-ti-none-eabi\c\</path>
         <kind>archive</kind>
         <file>libc.a</file>
         <name>aeabi_portable.c.obj</name>
      </input_file>
      <input_file id="fl-52">
         <path>C:\ti\ccs1270\ccs\tools\compiler\ti-cgt-armllvm_3.2.2.LTS\lib\armv7em-ti-none-eabi\c\</path>
         <kind>archive</kind>
         <file>libc.a</file>
         <name>exit.c.obj</name>
      </input_file>
      <input_file id="fl-53">
         <path>C:\ti\ccs1270\ccs\tools\compiler\ti-cgt-armllvm_3.2.2.LTS\lib\armv7em-ti-none-eabi\c\</path>
         <kind>archive</kind>
         <file>libc.a</file>
         <name>_lock.c.obj</name>
      </input_file>
      <input_file id="fl-54">
         <path>C:\ti\ccs1270\ccs\tools\compiler\ti-cgt-armllvm_3.2.2.LTS\lib\armv7em-ti-none-eabi\c\</path>
         <kind>archive</kind>
         <file>libc.a</file>
         <name>_ltoa.c.obj</name>
      </input_file>
      <input_file id="fl-55">
         <path>C:\ti\ccs1270\ccs\tools\compiler\ti-cgt-armllvm_3.2.2.LTS\lib\armv7em-ti-none-eabi\c\</path>
         <kind>archive</kind>
         <file>libc.a</file>
         <name>args_main.c.obj</name>
      </input_file>
      <input_file id="fl-56">
         <path>C:\ti\ccs1270\ccs\tools\compiler\ti-cgt-armllvm_3.2.2.LTS\lib\armv7em-ti-none-eabi\c\</path>
         <kind>archive</kind>
         <file>libc.a</file>
         <name>assert.c.obj</name>
      </input_file>
      <input_file id="fl-57">
         <path>C:\ti\ccs1270\ccs\tools\compiler\ti-cgt-armllvm_3.2.2.LTS\lib\armv7em-ti-none-eabi\c\</path>
         <kind>archive</kind>
         <file>libc.a</file>
         <name>atoi.c.obj</name>
      </input_file>
      <input_file id="fl-58">
         <path>C:\ti\ccs1270\ccs\tools\compiler\ti-cgt-armllvm_3.2.2.LTS\lib\armv7em-ti-none-eabi\c\</path>
         <kind>archive</kind>
         <file>libc.a</file>
         <name>defs.c.obj</name>
      </input_file>
      <input_file id="fl-59">
         <path>C:\ti\ccs1270\ccs\tools\compiler\ti-cgt-armllvm_3.2.2.LTS\lib\armv7em-ti-none-eabi\c\</path>
         <kind>archive</kind>
         <file>libc.a</file>
         <name>memccpy.c.obj</name>
      </input_file>
      <input_file id="fl-5a">
         <path>C:\ti\ccs1270\ccs\tools\compiler\ti-cgt-armllvm_3.2.2.LTS\lib\armv7em-ti-none-eabi\c\</path>
         <kind>archive</kind>
         <file>libc.a</file>
         <name>wcslen.c.obj</name>
      </input_file>
      <input_file id="fl-5b">
         <path>C:\ti\ccs1270\ccs\tools\compiler\ti-cgt-armllvm_3.2.2.LTS\lib\armv7em-ti-none-eabi\c\</path>
         <kind>archive</kind>
         <file>libc.a</file>
         <name>sprintf.c.obj</name>
      </input_file>
      <input_file id="fl-5c">
         <path>C:\ti\ccs1270\ccs\tools\compiler\ti-cgt-armllvm_3.2.2.LTS\lib\armv7em-ti-none-eabi\c\</path>
         <kind>archive</kind>
         <file>libc.a</file>
         <name>fflush.c.obj</name>
      </input_file>
      <input_file id="fl-5d">
         <path>C:\ti\ccs1270\ccs\tools\compiler\ti-cgt-armllvm_3.2.2.LTS\lib\armv7em-ti-none-eabi\c\</path>
         <kind>archive</kind>
         <file>libc.a</file>
         <name>fputs.c.obj</name>
      </input_file>
      <input_file id="fl-5e">
         <path>C:\ti\ccs1270\ccs\tools\compiler\ti-cgt-armllvm_3.2.2.LTS\lib\armv7em-ti-none-eabi\c\</path>
         <kind>archive</kind>
         <file>libc.a</file>
         <name>_io_perm.c.obj</name>
      </input_file>
      <input_file id="fl-5f">
         <path>C:\ti\ccs1270\ccs\tools\compiler\ti-cgt-armllvm_3.2.2.LTS\lib\armv7em-ti-none-eabi\c\</path>
         <kind>archive</kind>
         <file>libc.a</file>
         <name>setvbuf.c.obj</name>
      </input_file>
      <input_file id="fl-60">
         <path>C:\ti\ccs1270\ccs\tools\compiler\ti-cgt-armllvm_3.2.2.LTS\lib\armv7em-ti-none-eabi\c\</path>
         <kind>archive</kind>
         <file>libc.a</file>
         <name>aeabi_ctype.S.obj</name>
      </input_file>
      <input_file id="fl-61">
         <path>C:\ti\ccs1270\ccs\tools\compiler\ti-cgt-armllvm_3.2.2.LTS\lib\armv7em-ti-none-eabi\c\</path>
         <kind>archive</kind>
         <file>libc.a</file>
         <name>fopen.c.obj</name>
      </input_file>
      <input_file id="fl-62">
         <path>C:\ti\ccs1270\ccs\tools\compiler\ti-cgt-armllvm_3.2.2.LTS\lib\armv7em-ti-none-eabi\c\</path>
         <kind>archive</kind>
         <file>libc.a</file>
         <name>fseek.c.obj</name>
      </input_file>
      <input_file id="fl-63">
         <path>C:\ti\ccs1270\ccs\tools\compiler\ti-cgt-armllvm_3.2.2.LTS\lib\armv7em-ti-none-eabi\c\</path>
         <kind>archive</kind>
         <file>libc.a</file>
         <name>fclose.c.obj</name>
      </input_file>
      <input_file id="fl-c9">
         <path>C:\ti\ccs1270\ccs\tools\compiler\ti-cgt-armllvm_3.2.2.LTS\lib\armv7em-ti-none-eabi\c\</path>
         <kind>archive</kind>
         <file>libsysbm.a</file>
         <name>write.c.obj</name>
      </input_file>
      <input_file id="fl-ca">
         <path>C:\ti\ccs1270\ccs\tools\compiler\ti-cgt-armllvm_3.2.2.LTS\lib\armv7em-ti-none-eabi\c\</path>
         <kind>archive</kind>
         <file>libsysbm.a</file>
         <name>host_device.c.obj</name>
      </input_file>
      <input_file id="fl-cb">
         <path>C:\ti\ccs1270\ccs\tools\compiler\ti-cgt-armllvm_3.2.2.LTS\lib\armv7em-ti-none-eabi\c\</path>
         <kind>archive</kind>
         <file>libsysbm.a</file>
         <name>remove.c.obj</name>
      </input_file>
      <input_file id="fl-cc">
         <path>C:\ti\ccs1270\ccs\tools\compiler\ti-cgt-armllvm_3.2.2.LTS\lib\armv7em-ti-none-eabi\c\</path>
         <kind>archive</kind>
         <file>libsysbm.a</file>
         <name>open.c.obj</name>
      </input_file>
      <input_file id="fl-cd">
         <path>C:\ti\ccs1270\ccs\tools\compiler\ti-cgt-armllvm_3.2.2.LTS\lib\armv7em-ti-none-eabi\c\</path>
         <kind>archive</kind>
         <file>libsysbm.a</file>
         <name>lseek.c.obj</name>
      </input_file>
      <input_file id="fl-ce">
         <path>C:\ti\ccs1270\ccs\tools\compiler\ti-cgt-armllvm_3.2.2.LTS\lib\armv7em-ti-none-eabi\c\</path>
         <kind>archive</kind>
         <file>libsysbm.a</file>
         <name>close.c.obj</name>
      </input_file>
      <input_file id="fl-cf">
         <path>C:\ti\ccs1270\ccs\tools\compiler\ti-cgt-armllvm_3.2.2.LTS\lib\armv7em-ti-none-eabi\c\</path>
         <kind>archive</kind>
         <file>libsysbm.a</file>
         <name>unlink.c.obj</name>
      </input_file>
      <input_file id="fl-d0">
         <path>C:\ti\ccs1270\ccs\tools\compiler\ti-cgt-armllvm_3.2.2.LTS\lib\armv7em-ti-none-eabi\c\</path>
         <kind>archive</kind>
         <file>libsysbm.a</file>
         <name>hostclose.c.obj</name>
      </input_file>
      <input_file id="fl-d1">
         <path>C:\ti\ccs1270\ccs\tools\compiler\ti-cgt-armllvm_3.2.2.LTS\lib\armv7em-ti-none-eabi\c\</path>
         <kind>archive</kind>
         <file>libsysbm.a</file>
         <name>hostlseek.c.obj</name>
      </input_file>
      <input_file id="fl-d2">
         <path>C:\ti\ccs1270\ccs\tools\compiler\ti-cgt-armllvm_3.2.2.LTS\lib\armv7em-ti-none-eabi\c\</path>
         <kind>archive</kind>
         <file>libsysbm.a</file>
         <name>hostopen.c.obj</name>
      </input_file>
      <input_file id="fl-d3">
         <path>C:\ti\ccs1270\ccs\tools\compiler\ti-cgt-armllvm_3.2.2.LTS\lib\armv7em-ti-none-eabi\c\</path>
         <kind>archive</kind>
         <file>libsysbm.a</file>
         <name>hostread.c.obj</name>
      </input_file>
      <input_file id="fl-d4">
         <path>C:\ti\ccs1270\ccs\tools\compiler\ti-cgt-armllvm_3.2.2.LTS\lib\armv7em-ti-none-eabi\c\</path>
         <kind>archive</kind>
         <file>libsysbm.a</file>
         <name>hostrename.c.obj</name>
      </input_file>
      <input_file id="fl-d5">
         <path>C:\ti\ccs1270\ccs\tools\compiler\ti-cgt-armllvm_3.2.2.LTS\lib\armv7em-ti-none-eabi\c\</path>
         <kind>archive</kind>
         <file>libsysbm.a</file>
         <name>hostunlink.c.obj</name>
      </input_file>
      <input_file id="fl-d6">
         <path>C:\ti\ccs1270\ccs\tools\compiler\ti-cgt-armllvm_3.2.2.LTS\lib\armv7em-ti-none-eabi\c\</path>
         <kind>archive</kind>
         <file>libsysbm.a</file>
         <name>hostwrite.c.obj</name>
      </input_file>
      <input_file id="fl-d7">
         <path>C:\ti\ccs1270\ccs\tools\compiler\ti-cgt-armllvm_3.2.2.LTS\lib\armv7em-ti-none-eabi\c\</path>
         <kind>archive</kind>
         <file>libsysbm.a</file>
         <name>trgmsg.c.obj</name>
      </input_file>
      <input_file id="fl-d8">
         <path>C:\ti\ccs1270\ccs\tools\compiler\ti-cgt-armllvm_3.2.2.LTS\lib\clang\15.0.7\lib\armv7em-ti-none-eabi\</path>
         <kind>archive</kind>
         <file>libclang_rt.builtins.a</file>
         <name>adddf3.S.obj</name>
      </input_file>
      <input_file id="fl-d9">
         <path>C:\ti\ccs1270\ccs\tools\compiler\ti-cgt-armllvm_3.2.2.LTS\lib\clang\15.0.7\lib\armv7em-ti-none-eabi\</path>
         <kind>archive</kind>
         <file>libclang_rt.builtins.a</file>
         <name>muldf3.S.obj</name>
      </input_file>
      <input_file id="fl-da">
         <path>C:\ti\ccs1270\ccs\tools\compiler\ti-cgt-armllvm_3.2.2.LTS\lib\clang\15.0.7\lib\armv7em-ti-none-eabi\</path>
         <kind>archive</kind>
         <file>libclang_rt.builtins.a</file>
         <name>divdf3.S.obj</name>
      </input_file>
      <input_file id="fl-db">
         <path>C:\ti\ccs1270\ccs\tools\compiler\ti-cgt-armllvm_3.2.2.LTS\lib\clang\15.0.7\lib\armv7em-ti-none-eabi\</path>
         <kind>archive</kind>
         <file>libclang_rt.builtins.a</file>
         <name>fixdfsi.S.obj</name>
      </input_file>
      <input_file id="fl-dc">
         <path>C:\ti\ccs1270\ccs\tools\compiler\ti-cgt-armllvm_3.2.2.LTS\lib\clang\15.0.7\lib\armv7em-ti-none-eabi\</path>
         <kind>archive</kind>
         <file>libclang_rt.builtins.a</file>
         <name>floatsidf.S.obj</name>
      </input_file>
      <input_file id="fl-dd">
         <path>C:\ti\ccs1270\ccs\tools\compiler\ti-cgt-armllvm_3.2.2.LTS\lib\clang\15.0.7\lib\armv7em-ti-none-eabi\</path>
         <kind>archive</kind>
         <file>libclang_rt.builtins.a</file>
         <name>aeabi_dcmp.S.obj</name>
      </input_file>
      <input_file id="fl-de">
         <path>C:\ti\ccs1270\ccs\tools\compiler\ti-cgt-armllvm_3.2.2.LTS\lib\clang\15.0.7\lib\armv7em-ti-none-eabi\</path>
         <kind>archive</kind>
         <file>libclang_rt.builtins.a</file>
         <name>aeabi_memcpy.S.obj</name>
      </input_file>
      <input_file id="fl-df">
         <path>C:\ti\ccs1270\ccs\tools\compiler\ti-cgt-armllvm_3.2.2.LTS\lib\clang\15.0.7\lib\armv7em-ti-none-eabi\</path>
         <kind>archive</kind>
         <file>libclang_rt.builtins.a</file>
         <name>aeabi_memset.S.obj</name>
      </input_file>
      <input_file id="fl-e0">
         <path>C:\ti\ccs1270\ccs\tools\compiler\ti-cgt-armllvm_3.2.2.LTS\lib\clang\15.0.7\lib\armv7em-ti-none-eabi\</path>
         <kind>archive</kind>
         <file>libclang_rt.builtins.a</file>
         <name>aeabi_uldivmod.S.obj</name>
      </input_file>
      <input_file id="fl-e1">
         <path>C:\ti\ccs1270\ccs\tools\compiler\ti-cgt-armllvm_3.2.2.LTS\lib\clang\15.0.7\lib\armv7em-ti-none-eabi\</path>
         <kind>archive</kind>
         <file>libclang_rt.builtins.a</file>
         <name>udivmoddi4.S.obj</name>
      </input_file>
      <input_file id="fl-e2">
         <path>C:\ti\ccs1270\ccs\tools\compiler\ti-cgt-armllvm_3.2.2.LTS\lib\clang\15.0.7\lib\armv7em-ti-none-eabi\</path>
         <kind>archive</kind>
         <file>libclang_rt.builtins.a</file>
         <name>comparedf2.c.obj</name>
      </input_file>
      <input_file id="fl-e3">
         <path>C:\ti\ccs1270\ccs\tools\compiler\ti-cgt-armllvm_3.2.2.LTS\lib\clang\15.0.7\lib\armv7em-ti-none-eabi\</path>
         <kind>archive</kind>
         <file>libclang_rt.builtins.a</file>
         <name>aeabi_div0.c.obj</name>
      </input_file>
      <input_file id="fl-e4">
         <path>C:\ti\ccs1270\ccs\tools\compiler\ti-cgt-armllvm_3.2.2.LTS\lib\armv7em-ti-none-eabi\c\</path>
         <kind>archive</kind>
         <file>libc.a</file>
         <name>getdevice.c.obj</name>
      </input_file>
      <input_file id="fl-e5">
         <path>C:\ti\ccs1270\ccs\tools\compiler\ti-cgt-armllvm_3.2.2.LTS\lib\armv7em-ti-none-eabi\c\</path>
         <kind>archive</kind>
         <file>libc.a</file>
         <name>strcmp_t2.S.obj</name>
      </input_file>
      <input_file id="fl-e6">
         <path>C:\ti\ccs1270\ccs\tools\compiler\ti-cgt-armllvm_3.2.2.LTS\lib\armv7em-ti-none-eabi\c\</path>
         <kind>archive</kind>
         <file>libc.a</file>
         <name>memcpy_t2.S.obj</name>
      </input_file>
      <input_file id="fl-e7">
         <path>C:\ti\ccs1270\ccs\tools\compiler\ti-cgt-armllvm_3.2.2.LTS\lib\armv7em-ti-none-eabi\c\</path>
         <kind>archive</kind>
         <file>libc.a</file>
         <name>memset_t2.S.obj</name>
      </input_file>
   </input_file_list>
   <object_component_list>
      <object_component id="oc-29b">
         <name>.text:__TI_printfi_nofloat</name>
         <load_address>0x2000c040</load_address>
         <readonly>true</readonly>
         <executable>true</executable>
         <run_address>0x2000c040</run_address>
         <size>0x86c</size>
         <alignment>0x4</alignment>
         <input_file_ref idref="fl-4e"/>
      </object_component>
      <object_component id="oc-d2">
         <name>.text.PRCMCC3200MCUInit</name>
         <load_address>0x2000c8ac</load_address>
         <readonly>true</readonly>
         <executable>true</executable>
         <run_address>0x2000c8ac</run_address>
         <size>0x4b8</size>
         <alignment>0x2</alignment>
         <input_file_ref idref="fl-2e"/>
      </object_component>
      <object_component id="oc-22d">
         <name>.text.Power_sleep</name>
         <load_address>0x2000cd64</load_address>
         <readonly>true</readonly>
         <executable>true</executable>
         <run_address>0x2000cd64</run_address>
         <size>0x3e4</size>
         <alignment>0x4</alignment>
         <input_file_ref idref="fl-18"/>
      </object_component>
      <object_component id="oc-1e1">
         <name>.text.UART2CC32XX_hwiIntFxn</name>
         <load_address>0x2000d148</load_address>
         <readonly>true</readonly>
         <executable>true</executable>
         <run_address>0x2000d148</run_address>
         <size>0x222</size>
         <alignment>0x2</alignment>
         <input_file_ref idref="fl-1d"/>
      </object_component>
      <object_component id="oc-e2">
         <name>.text.Board_initHook</name>
         <load_address>0x2000d36a</load_address>
         <readonly>true</readonly>
         <executable>true</executable>
         <run_address>0x2000d36a</run_address>
         <size>0x2</size>
         <alignment>0x2</alignment>
         <input_file_ref idref="fl-2"/>
      </object_component>
      <object_component id="oc-136">
         <name>.text.UART2_open</name>
         <load_address>0x2000d36c</load_address>
         <readonly>true</readonly>
         <executable>true</executable>
         <run_address>0x2000d36c</run_address>
         <size>0x1cc</size>
         <alignment>0x4</alignment>
         <input_file_ref idref="fl-1d"/>
      </object_component>
      <object_component id="oc-ee">
         <name>.text.initI2C</name>
         <load_address>0x2000d538</load_address>
         <readonly>true</readonly>
         <executable>true</executable>
         <run_address>0x2000d538</run_address>
         <size>0x180</size>
         <alignment>0x4</alignment>
         <input_file_ref idref="fl-1"/>
      </object_component>
      <object_component id="oc-2a4">
         <name>.text.UART2_writeTimeoutBlocking</name>
         <load_address>0x2000d6b8</load_address>
         <readonly>true</readonly>
         <executable>true</executable>
         <run_address>0x2000d6b8</run_address>
         <size>0x174</size>
         <alignment>0x2</alignment>
         <input_file_ref idref="fl-1c"/>
      </object_component>
      <object_component id="oc-199">
         <name>.text.PowerCC32XX_sleepPolicy</name>
         <load_address>0x2000d82c</load_address>
         <readonly>true</readonly>
         <executable>true</executable>
         <run_address>0x2000d82c</run_address>
         <size>0x150</size>
         <alignment>0x4</alignment>
         <input_file_ref idref="fl-25"/>
      </object_component>
      <object_component id="oc-173">
         <name>.text.Timer_open</name>
         <load_address>0x2000d97c</load_address>
         <readonly>true</readonly>
         <executable>true</executable>
         <run_address>0x2000d97c</run_address>
         <size>0x148</size>
         <alignment>0x4</alignment>
         <input_file_ref idref="fl-1b"/>
      </object_component>
      <object_component id="oc-123">
         <name>.text.GPIO_setConfig</name>
         <load_address>0x2000dac4</load_address>
         <readonly>true</readonly>
         <executable>true</executable>
         <run_address>0x2000dac4</run_address>
         <size>0x140</size>
         <alignment>0x4</alignment>
         <input_file_ref idref="fl-15"/>
      </object_component>
      <object_component id="oc-1f1">
         <name>.text.I2CCC32XX_hwiFxn</name>
         <load_address>0x2000dc04</load_address>
         <readonly>true</readonly>
         <executable>true</executable>
         <run_address>0x2000dc04</run_address>
         <size>0x138</size>
         <alignment>0x2</alignment>
         <input_file_ref idref="fl-17"/>
      </object_component>
      <object_component id="oc-1fa">
         <name>.text.I2C_transferTimeout</name>
         <load_address>0x2000dd3c</load_address>
         <readonly>true</readonly>
         <executable>true</executable>
         <run_address>0x2000dd3c</run_address>
         <size>0x126</size>
         <alignment>0x2</alignment>
         <input_file_ref idref="fl-16"/>
      </object_component>
      <object_component id="oc-13f">
         <name>.text.I2C_init</name>
         <load_address>0x2000de62</load_address>
         <readonly>true</readonly>
         <executable>true</executable>
         <run_address>0x2000de62</run_address>
         <size>0x2</size>
         <alignment>0x2</alignment>
         <input_file_ref idref="fl-16"/>
      </object_component>
      <object_component id="oc-2e5">
         <name>.text.aligned_alloc</name>
         <load_address>0x2000de64</load_address>
         <readonly>true</readonly>
         <executable>true</executable>
         <run_address>0x2000de64</run_address>
         <size>0x120</size>
         <alignment>0x4</alignment>
         <input_file_ref idref="fl-45"/>
      </object_component>
      <object_component id="oc-2a3">
         <name>.text.UART2_writeTimeoutNonblocking</name>
         <load_address>0x2000df84</load_address>
         <readonly>true</readonly>
         <executable>true</executable>
         <run_address>0x2000df84</run_address>
         <size>0x11a</size>
         <alignment>0x2</alignment>
         <input_file_ref idref="fl-1c"/>
      </object_component>
      <object_component id="oc-300">
         <name>.text.uDMAChannelTransferSet</name>
         <load_address>0x2000e09e</load_address>
         <readonly>true</readonly>
         <executable>true</executable>
         <run_address>0x2000e09e</run_address>
         <size>0x112</size>
         <alignment>0x2</alignment>
         <input_file_ref idref="fl-33"/>
      </object_component>
      <object_component id="oc-2bc">
         <name>.text.__muldf3</name>
         <load_address>0x2000e1b0</load_address>
         <readonly>true</readonly>
         <executable>true</executable>
         <run_address>0x2000e1b0</run_address>
         <size>0xfc</size>
         <alignment>0x4</alignment>
         <input_file_ref idref="fl-d9"/>
      </object_component>
      <object_component id="oc-1a0">
         <name>.text.free</name>
         <load_address>0x2000e2ac</load_address>
         <readonly>true</readonly>
         <executable>true</executable>
         <run_address>0x2000e2ac</run_address>
         <size>0xf0</size>
         <alignment>0x4</alignment>
         <input_file_ref idref="fl-45"/>
      </object_component>
      <object_component id="oc-145">
         <name>.text.I2C_open</name>
         <load_address>0x2000e39c</load_address>
         <readonly>true</readonly>
         <executable>true</executable>
         <run_address>0x2000e39c</run_address>
         <size>0xe8</size>
         <alignment>0x4</alignment>
         <input_file_ref idref="fl-17"/>
      </object_component>
      <object_component id="oc-1dc">
         <name>.text.UART2_close</name>
         <load_address>0x2000e484</load_address>
         <readonly>true</readonly>
         <executable>true</executable>
         <run_address>0x2000e484</run_address>
         <size>0xe8</size>
         <alignment>0x4</alignment>
         <input_file_ref idref="fl-1d"/>
      </object_component>
      <object_component id="oc-27e">
         <name>.text.UART2Support_dmaStartRx</name>
         <load_address>0x2000e56c</load_address>
         <readonly>true</readonly>
         <executable>true</executable>
         <run_address>0x2000e56c</run_address>
         <size>0xcc</size>
         <alignment>0x4</alignment>
         <input_file_ref idref="fl-1d"/>
      </object_component>
      <object_component id="oc-2f3">
         <name>.text.IntDisable</name>
         <load_address>0x2000e638</load_address>
         <readonly>true</readonly>
         <executable>true</executable>
         <run_address>0x2000e638</run_address>
         <size>0xc8</size>
         <alignment>0x2</alignment>
         <input_file_ref idref="fl-2c"/>
      </object_component>
      <object_component id="oc-267">
         <name>.text.IntEnable</name>
         <load_address>0x2000e700</load_address>
         <readonly>true</readonly>
         <executable>true</executable>
         <run_address>0x2000e700</run_address>
         <size>0xc8</size>
         <alignment>0x2</alignment>
         <input_file_ref idref="fl-2c"/>
      </object_component>
      <object_component id="oc-1d8">
         <name>.text.UART2CC32XX_initHw</name>
         <load_address>0x2000e7c8</load_address>
         <readonly>true</readonly>
         <executable>true</executable>
         <run_address>0x2000e7c8</run_address>
         <size>0xc4</size>
         <alignment>0x4</alignment>
         <input_file_ref idref="fl-1d"/>
      </object_component>
      <object_component id="oc-281">
         <name>.text.UART2Support_dmaStartTx</name>
         <load_address>0x2000e88c</load_address>
         <readonly>true</readonly>
         <executable>true</executable>
         <run_address>0x2000e88c</run_address>
         <size>0xb8</size>
         <alignment>0x4</alignment>
         <input_file_ref idref="fl-1d"/>
      </object_component>
      <object_component id="oc-2cc">
         <name>.text</name>
         <load_address>0x2000e944</load_address>
         <readonly>true</readonly>
         <executable>true</executable>
         <run_address>0x2000e944</run_address>
         <size>0xb0</size>
         <alignment>0x4</alignment>
         <input_file_ref idref="fl-e1"/>
      </object_component>
      <object_component id="oc-23f">
         <name>.text.GPIOIntTypeSet</name>
         <load_address>0x2000e9f4</load_address>
         <readonly>true</readonly>
         <executable>true</executable>
         <run_address>0x2000e9f4</run_address>
         <size>0xac</size>
         <alignment>0x2</alignment>
         <input_file_ref idref="fl-29"/>
      </object_component>
      <object_component id="oc-349">
         <name>.text.IntPendSet</name>
         <load_address>0x2000eaa0</load_address>
         <readonly>true</readonly>
         <executable>true</executable>
         <run_address>0x2000eaa0</run_address>
         <size>0xa4</size>
         <alignment>0x2</alignment>
         <input_file_ref idref="fl-2c"/>
      </object_component>
      <object_component id="oc-214">
         <name>.text.readTemp</name>
         <load_address>0x2000eb44</load_address>
         <readonly>true</readonly>
         <executable>true</executable>
         <run_address>0x2000eb44</run_address>
         <size>0xa4</size>
         <alignment>0x4</alignment>
         <input_file_ref idref="fl-1"/>
      </object_component>
      <object_component id="oc-1a8">
         <name>.text.PinConfigSet</name>
         <load_address>0x2000ebe8</load_address>
         <readonly>true</readonly>
         <executable>true</executable>
         <run_address>0x2000ebe8</run_address>
         <size>0xa2</size>
         <alignment>0x2</alignment>
         <input_file_ref idref="fl-2d"/>
      </object_component>
      <object_component id="oc-294">
         <name>.text.I2CCC32XX_completeTransfer</name>
         <load_address>0x2000ec8a</load_address>
         <readonly>true</readonly>
         <executable>true</executable>
         <run_address>0x2000ec8a</run_address>
         <size>0x9c</size>
         <alignment>0x2</alignment>
         <input_file_ref idref="fl-17"/>
      </object_component>
      <object_component id="oc-285">
         <name>.text.I2CMasterInitExpClk</name>
         <load_address>0x2000ed26</load_address>
         <readonly>true</readonly>
         <executable>true</executable>
         <run_address>0x2000ed26</run_address>
         <size>0x98</size>
         <alignment>0x2</alignment>
         <input_file_ref idref="fl-2b"/>
      </object_component>
      <object_component id="oc-194">
         <name>.text.PowerCC32XX_initPolicy</name>
         <load_address>0x2000edbe</load_address>
         <readonly>true</readonly>
         <executable>true</executable>
         <run_address>0x2000edbe</run_address>
         <size>0x2</size>
         <alignment>0x2</alignment>
         <input_file_ref idref="fl-25"/>
      </object_component>
      <object_component id="oc-122">
         <name>.text.SemaphoreP_pend</name>
         <load_address>0x2000edc0</load_address>
         <readonly>true</readonly>
         <executable>true</executable>
         <run_address>0x2000edc0</run_address>
         <size>0x98</size>
         <alignment>0x4</alignment>
         <input_file_ref idref="fl-22"/>
      </object_component>
      <object_component id="oc-11f">
         <name>.text.HwiP_disable</name>
         <load_address>0x2000ee58</load_address>
         <readonly>true</readonly>
         <executable>true</executable>
         <run_address>0x2000ee58</run_address>
         <size>0x8</size>
         <alignment>0x2</alignment>
         <input_file_ref idref="fl-24"/>
      </object_component>
      <object_component id="oc-2d8">
         <name>.text</name>
         <load_address>0x2000ee60</load_address>
         <readonly>true</readonly>
         <executable>true</executable>
         <run_address>0x2000ee60</run_address>
         <size>0x96</size>
         <alignment>0x10</alignment>
         <input_file_ref idref="fl-19"/>
      </object_component>
      <object_component id="oc-260">
         <name>.text.uDMAChannelAttributeDisable</name>
         <load_address>0x2000eef6</load_address>
         <readonly>true</readonly>
         <executable>true</executable>
         <run_address>0x2000eef6</run_address>
         <size>0x92</size>
         <alignment>0x2</alignment>
         <input_file_ref idref="fl-33"/>
      </object_component>
      <object_component id="oc-dc">
         <name>.text.GPIO_init</name>
         <load_address>0x2000ef88</load_address>
         <readonly>true</readonly>
         <executable>true</executable>
         <run_address>0x2000ef88</run_address>
         <size>0x90</size>
         <alignment>0x4</alignment>
         <input_file_ref idref="fl-15"/>
      </object_component>
      <object_component id="oc-101">
         <name>.text.PRCMSysResetCauseGet</name>
         <load_address>0x2000f018</load_address>
         <readonly>true</readonly>
         <executable>true</executable>
         <run_address>0x2000f018</run_address>
         <size>0x8e</size>
         <alignment>0x2</alignment>
         <input_file_ref idref="fl-2e"/>
      </object_component>
      <object_component id="oc-270">
         <name>.text.SemaphoreP_destruct</name>
         <load_address>0x2000f0a6</load_address>
         <readonly>true</readonly>
         <executable>true</executable>
         <run_address>0x2000f0a6</run_address>
         <size>0x2</size>
         <alignment>0x2</alignment>
         <input_file_ref idref="fl-22"/>
      </object_component>
      <object_component id="oc-113">
         <name>.text.PowerCC32XX_configureWakeup</name>
         <load_address>0x2000f0a8</load_address>
         <readonly>true</readonly>
         <executable>true</executable>
         <run_address>0x2000f0a8</run_address>
         <size>0x88</size>
         <alignment>0x4</alignment>
         <input_file_ref idref="fl-18"/>
      </object_component>
      <object_component id="oc-291">
         <name>.text.I2CCC32XX_primeReadBurst</name>
         <load_address>0x2000f130</load_address>
         <readonly>true</readonly>
         <executable>true</executable>
         <run_address>0x2000f130</run_address>
         <size>0x7a</size>
         <alignment>0x2</alignment>
         <input_file_ref idref="fl-17"/>
      </object_component>
      <object_component id="oc-16c">
         <name>.text.Timer_init</name>
         <load_address>0x2000f1aa</load_address>
         <readonly>true</readonly>
         <executable>true</executable>
         <run_address>0x2000f1aa</run_address>
         <size>0x2</size>
         <alignment>0x2</alignment>
         <input_file_ref idref="fl-1a"/>
      </object_component>
      <object_component id="oc-d7">
         <name>.text.Power_init</name>
         <load_address>0x2000f1ac</load_address>
         <readonly>true</readonly>
         <executable>true</executable>
         <run_address>0x2000f1ac</run_address>
         <size>0x78</size>
         <alignment>0x4</alignment>
         <input_file_ref idref="fl-18"/>
      </object_component>
      <object_component id="oc-1da">
         <name>.text.HwiP_construct</name>
         <load_address>0x2000f224</load_address>
         <readonly>true</readonly>
         <executable>true</executable>
         <run_address>0x2000f224</run_address>
         <size>0x74</size>
         <alignment>0x4</alignment>
         <input_file_ref idref="fl-24"/>
      </object_component>
      <object_component id="oc-191">
         <name>.text.PRCMHibernateWakeUpGPIOSelect</name>
         <load_address>0x2000f298</load_address>
         <readonly>true</readonly>
         <executable>true</executable>
         <run_address>0x2000f298</run_address>
         <size>0x74</size>
         <alignment>0x2</alignment>
         <input_file_ref idref="fl-2e"/>
      </object_component>
      <object_component id="oc-255">
         <name>.text.UARTConfigSetExpClk</name>
         <load_address>0x2000f30c</load_address>
         <readonly>true</readonly>
         <executable>true</executable>
         <run_address>0x2000f30c</run_address>
         <size>0x74</size>
         <alignment>0x2</alignment>
         <input_file_ref idref="fl-32"/>
      </object_component>
      <object_component id="oc-18">
         <name>.text:decompress:lzss</name>
         <load_address>0x2000f380</load_address>
         <readonly>true</readonly>
         <executable>true</executable>
         <run_address>0x2000f380</run_address>
         <size>0x70</size>
         <alignment>0x2</alignment>
         <input_file_ref idref="fl-4d"/>
      </object_component>
      <object_component id="oc-2d6">
         <name>.text.PinLockLevelSet</name>
         <load_address>0x2000f3f0</load_address>
         <readonly>true</readonly>
         <executable>true</executable>
         <run_address>0x2000f3f0</run_address>
         <size>0x6c</size>
         <alignment>0x2</alignment>
         <input_file_ref idref="fl-2d"/>
      </object_component>
      <object_component id="oc-1a9">
         <name>.text.Power_setDependency</name>
         <load_address>0x2000f45c</load_address>
         <readonly>true</readonly>
         <executable>true</executable>
         <run_address>0x2000f45c</run_address>
         <size>0x6c</size>
         <alignment>0x4</alignment>
         <input_file_ref idref="fl-18"/>
      </object_component>
      <object_component id="oc-1d6">
         <name>.text.UDMACC32XX_open</name>
         <load_address>0x2000f4c8</load_address>
         <readonly>true</readonly>
         <executable>true</executable>
         <run_address>0x2000f4c8</run_address>
         <size>0x6c</size>
         <alignment>0x4</alignment>
         <input_file_ref idref="fl-20"/>
      </object_component>
      <object_component id="oc-b0">
         <name>.text.mainThread</name>
         <load_address>0x2000f534</load_address>
         <readonly>true</readonly>
         <executable>true</executable>
         <run_address>0x2000f534</run_address>
         <size>0x6c</size>
         <alignment>0x4</alignment>
         <input_file_ref idref="fl-1"/>
      </object_component>
      <object_component id="oc-12a">
         <name>.text.powerNotifyFxn</name>
         <load_address>0x2000f5a0</load_address>
         <readonly>true</readonly>
         <executable>true</executable>
         <run_address>0x2000f5a0</run_address>
         <size>0x6c</size>
         <alignment>0x4</alignment>
         <input_file_ref idref="fl-15"/>
      </object_component>
      <object_component id="oc-34a">
         <name>.text.split</name>
         <load_address>0x2000f60c</load_address>
         <readonly>true</readonly>
         <executable>true</executable>
         <run_address>0x2000f60c</run_address>
         <size>0x6c</size>
         <alignment>0x4</alignment>
         <input_file_ref idref="fl-45"/>
      </object_component>
      <object_component id="oc-109">
         <name>.text.PRCMPeripheralReset</name>
         <load_address>0x2000f678</load_address>
         <readonly>true</readonly>
         <executable>true</executable>
         <run_address>0x2000f678</run_address>
         <size>0x6a</size>
         <alignment>0x2</alignment>
         <input_file_ref idref="fl-2e"/>
      </object_component>
      <object_component id="oc-1df">
         <name>.text.UART2CC32XX_eventCallback</name>
         <load_address>0x2000f6e2</load_address>
         <readonly>true</readonly>
         <executable>true</executable>
         <run_address>0x2000f6e2</run_address>
         <size>0x2</size>
         <alignment>0x2</alignment>
         <input_file_ref idref="fl-1d"/>
      </object_component>
      <object_component id="oc-1ec">
         <name>.text.I2CCC32XX_initHw</name>
         <load_address>0x2000f6e4</load_address>
         <readonly>true</readonly>
         <executable>true</executable>
         <run_address>0x2000f6e4</run_address>
         <size>0x68</size>
         <alignment>0x4</alignment>
         <input_file_ref idref="fl-17"/>
      </object_component>
      <object_component id="oc-264">
         <name>.text.IntPendClear</name>
         <load_address>0x2000f74c</load_address>
         <readonly>true</readonly>
         <executable>true</executable>
         <run_address>0x2000f74c</run_address>
         <size>0x68</size>
         <alignment>0x2</alignment>
         <input_file_ref idref="fl-2c"/>
      </object_component>
      <object_component id="oc-292">
         <name>.text.I2CCC32XX_primeWriteBurst</name>
         <load_address>0x2000f7b4</load_address>
         <readonly>true</readonly>
         <executable>true</executable>
         <run_address>0x2000f7b4</run_address>
         <size>0x66</size>
         <alignment>0x2</alignment>
         <input_file_ref idref="fl-17"/>
      </object_component>
      <object_component id="oc-338">
         <name>.text.__aeabi_ldiv0</name>
         <load_address>0x2000f81a</load_address>
         <readonly>true</readonly>
         <executable>true</executable>
         <run_address>0x2000f81a</run_address>
         <size>0x2</size>
         <alignment>0x2</alignment>
         <input_file_ref idref="fl-e3"/>
      </object_component>
      <object_component id="oc-163">
         <name>.text.GPIO_write</name>
         <load_address>0x2000f81c</load_address>
         <readonly>true</readonly>
         <executable>true</executable>
         <run_address>0x2000f81c</run_address>
         <size>0x60</size>
         <alignment>0x4</alignment>
         <input_file_ref idref="fl-15"/>
      </object_component>
      <object_component id="oc-280">
         <name>.text.UART2Support_dmaStopTx</name>
         <load_address>0x2000f87c</load_address>
         <readonly>true</readonly>
         <executable>true</executable>
         <run_address>0x2000f87c</run_address>
         <size>0x60</size>
         <alignment>0x2</alignment>
         <input_file_ref idref="fl-1d"/>
      </object_component>
      <object_component id="oc-344">
         <name>.text.FlashDisable</name>
         <load_address>0x2000f8dc</load_address>
         <readonly>true</readonly>
         <executable>true</executable>
         <run_address>0x2000f8dc</run_address>
         <size>0x5c</size>
         <alignment>0x2</alignment>
         <input_file_ref idref="fl-35"/>
      </object_component>
      <object_component id="oc-29f">
         <name>.text.I2CSupport_primeTransfer</name>
         <load_address>0x2000f938</load_address>
         <readonly>true</readonly>
         <executable>true</executable>
         <run_address>0x2000f938</run_address>
         <size>0x5c</size>
         <alignment>0x2</alignment>
         <input_file_ref idref="fl-17"/>
      </object_component>
      <object_component id="oc-193">
         <name>.text.PRCMHibernateWakeupSourceDisable</name>
         <load_address>0x2000f994</load_address>
         <readonly>true</readonly>
         <executable>true</executable>
         <run_address>0x2000f994</run_address>
         <size>0x5c</size>
         <alignment>0x2</alignment>
         <input_file_ref idref="fl-2e"/>
      </object_component>
      <object_component id="oc-206">
         <name>.text.TimerCC32XX_allocateTimerResource</name>
         <load_address>0x2000f9f0</load_address>
         <readonly>true</readonly>
         <executable>true</executable>
         <run_address>0x2000f9f0</run_address>
         <size>0x5c</size>
         <alignment>0x4</alignment>
         <input_file_ref idref="fl-1b"/>
      </object_component>
      <object_component id="oc-108">
         <name>.text.PRCMPeripheralClkEnable</name>
         <load_address>0x2000fa4c</load_address>
         <readonly>true</readonly>
         <executable>true</executable>
         <run_address>0x2000fa4c</run_address>
         <size>0x5a</size>
         <alignment>0x2</alignment>
         <input_file_ref idref="fl-2e"/>
      </object_component>
      <object_component id="oc-17f">
         <name>.text._nop</name>
         <load_address>0x2000faa6</load_address>
         <readonly>true</readonly>
         <executable>true</executable>
         <run_address>0x2000faa6</run_address>
         <size>0x2</size>
         <alignment>0x2</alignment>
         <input_file_ref idref="fl-53"/>
      </object_component>
      <object_component id="oc-2ca">
         <name>.text.ClockP_startup</name>
         <load_address>0x2000faa8</load_address>
         <readonly>true</readonly>
         <executable>true</executable>
         <run_address>0x2000faa8</run_address>
         <size>0x58</size>
         <alignment>0x4</alignment>
         <input_file_ref idref="fl-23"/>
      </object_component>
      <object_component id="oc-266">
         <name>.text.IntPrioritySet</name>
         <load_address>0x2000fb00</load_address>
         <readonly>true</readonly>
         <executable>true</executable>
         <run_address>0x2000fb00</run_address>
         <size>0x58</size>
         <alignment>0x2</alignment>
         <input_file_ref idref="fl-2c"/>
      </object_component>
      <object_component id="oc-2e2">
         <name>.text.PRCMLPDSEnter</name>
         <load_address>0x2000fb58</load_address>
         <readonly>true</readonly>
         <executable>true</executable>
         <run_address>0x2000fb58</run_address>
         <size>0x56</size>
         <alignment>0x2</alignment>
         <input_file_ref idref="fl-2e"/>
      </object_component>
      <object_component id="oc-57">
         <name>.text.busFaultHandler</name>
         <load_address>0x2000fbae</load_address>
         <readonly>true</readonly>
         <executable>true</executable>
         <run_address>0x2000fbae</run_address>
         <size>0x2</size>
         <alignment>0x2</alignment>
         <input_file_ref idref="fl-26"/>
      </object_component>
      <object_component id="oc-1c2">
         <name>.text.PowerCC32XX_setParkState</name>
         <load_address>0x2000fbb0</load_address>
         <readonly>true</readonly>
         <executable>true</executable>
         <run_address>0x2000fbb0</run_address>
         <size>0x54</size>
         <alignment>0x4</alignment>
         <input_file_ref idref="fl-18"/>
      </object_component>
      <object_component id="oc-273">
         <name>.text.Power_releaseDependency</name>
         <load_address>0x2000fc04</load_address>
         <readonly>true</readonly>
         <executable>true</executable>
         <run_address>0x2000fc04</run_address>
         <size>0x54</size>
         <alignment>0x4</alignment>
         <input_file_ref idref="fl-18"/>
      </object_component>
      <object_component id="oc-ef">
         <name>.text.initGPIO</name>
         <load_address>0x2000fc58</load_address>
         <readonly>true</readonly>
         <executable>true</executable>
         <run_address>0x2000fc58</run_address>
         <size>0x54</size>
         <alignment>0x4</alignment>
         <input_file_ref idref="fl-1"/>
      </object_component>
      <object_component id="oc-1b6">
         <name>.text.GPIO_hwiIntFxn</name>
         <load_address>0x2000fcac</load_address>
         <readonly>true</readonly>
         <executable>true</executable>
         <run_address>0x2000fcac</run_address>
         <size>0x50</size>
         <alignment>0x4</alignment>
         <input_file_ref idref="fl-15"/>
      </object_component>
      <object_component id="oc-192">
         <name>.text.PRCMHibernateWakeupSourceEnable</name>
         <load_address>0x2000fcfc</load_address>
         <readonly>true</readonly>
         <executable>true</executable>
         <run_address>0x2000fcfc</run_address>
         <size>0x50</size>
         <alignment>0x2</alignment>
         <input_file_ref idref="fl-2e"/>
      </object_component>
      <object_component id="oc-237">
         <name>.text.SemaphoreP_construct</name>
         <load_address>0x2000fd4c</load_address>
         <readonly>true</readonly>
         <executable>true</executable>
         <run_address>0x2000fd4c</run_address>
         <size>0x50</size>
         <alignment>0x4</alignment>
         <input_file_ref idref="fl-22"/>
      </object_component>
      <object_component id="oc-17e">
         <name>.text.UART2Output</name>
         <load_address>0x2000fd9c</load_address>
         <readonly>true</readonly>
         <executable>true</executable>
         <run_address>0x2000fd9c</run_address>
         <size>0x50</size>
         <alignment>0x4</alignment>
         <input_file_ref idref="fl-1"/>
      </object_component>
      <object_component id="oc-25f">
         <name>.text.uDMAChannelAssign</name>
         <load_address>0x2000fdec</load_address>
         <readonly>true</readonly>
         <executable>true</executable>
         <run_address>0x2000fdec</run_address>
         <size>0x4e</size>
         <alignment>0x2</alignment>
         <input_file_ref idref="fl-33"/>
      </object_component>
      <object_component id="oc-1a7">
         <name>.text.clkFxn</name>
         <load_address>0x2000fe3a</load_address>
         <readonly>true</readonly>
         <executable>true</executable>
         <run_address>0x2000fe3a</run_address>
         <size>0x2</size>
         <alignment>0x2</alignment>
         <input_file_ref idref="fl-22"/>
      </object_component>
      <object_component id="oc-1b2">
         <name>.text.GPIO_setInterruptConfig</name>
         <load_address>0x2000fe3c</load_address>
         <readonly>true</readonly>
         <executable>true</executable>
         <run_address>0x2000fe3c</run_address>
         <size>0x4c</size>
         <alignment>0x4</alignment>
         <input_file_ref idref="fl-15"/>
      </object_component>
      <object_component id="oc-342">
         <name>.text.PRCMLPDSRestoreInfoSet</name>
         <load_address>0x2000fe88</load_address>
         <readonly>true</readonly>
         <executable>true</executable>
         <run_address>0x2000fe88</run_address>
         <size>0x4c</size>
         <alignment>0x2</alignment>
         <input_file_ref idref="fl-2e"/>
      </object_component>
      <object_component id="oc-20a">
         <name>.text.initHw</name>
         <load_address>0x2000fed4</load_address>
         <readonly>true</readonly>
         <executable>true</executable>
         <run_address>0x2000fed4</run_address>
         <size>0x4c</size>
         <alignment>0x2</alignment>
         <input_file_ref idref="fl-1b"/>
      </object_component>
      <object_component id="oc-27c">
         <name>.text.UART2Support_dmaStopRx</name>
         <load_address>0x2000ff20</load_address>
         <readonly>true</readonly>
         <executable>true</executable>
         <run_address>0x2000ff20</run_address>
         <size>0x4a</size>
         <alignment>0x2</alignment>
         <input_file_ref idref="fl-1d"/>
      </object_component>
      <object_component id="oc-209">
         <name>.text.getPrescaler</name>
         <load_address>0x2000ff6a</load_address>
         <readonly>true</readonly>
         <executable>true</executable>
         <run_address>0x2000ff6a</run_address>
         <size>0x4a</size>
         <alignment>0x2</alignment>
         <input_file_ref idref="fl-1b"/>
      </object_component>
      <object_component id="oc-2fa">
         <name>.text.uDMAChannelSizeGet</name>
         <load_address>0x2000ffb4</load_address>
         <readonly>true</readonly>
         <executable>true</executable>
         <run_address>0x2000ffb4</run_address>
         <size>0x4a</size>
         <alignment>0x2</alignment>
         <input_file_ref idref="fl-33"/>
      </object_component>
      <object_component id="oc-56">
         <name>.text.defaultHandler</name>
         <load_address>0x2000fffe</load_address>
         <readonly>true</readonly>
         <executable>true</executable>
         <run_address>0x2000fffe</run_address>
         <size>0x2</size>
         <alignment>0x2</alignment>
         <input_file_ref idref="fl-26"/>
      </object_component>
      <object_component id="oc-58">
         <name>.text.ClockP_sysTickHandler</name>
         <load_address>0x20010000</load_address>
         <readonly>true</readonly>
         <executable>true</executable>
         <run_address>0x20010000</run_address>
         <size>0x48</size>
         <alignment>0x4</alignment>
         <input_file_ref idref="fl-23"/>
      </object_component>
      <object_component id="oc-2dc">
         <name>.text.PRCMIntEnable</name>
         <load_address>0x20010048</load_address>
         <readonly>true</readonly>
         <executable>true</executable>
         <run_address>0x20010048</run_address>
         <size>0x48</size>
         <alignment>0x2</alignment>
         <input_file_ref idref="fl-2e"/>
      </object_component>
      <object_component id="oc-23c">
         <name>.text.PRCMPeripheralStatusGet</name>
         <load_address>0x20010090</load_address>
         <readonly>true</readonly>
         <executable>true</executable>
         <run_address>0x20010090</run_address>
         <size>0x48</size>
         <alignment>0x2</alignment>
         <input_file_ref idref="fl-2e"/>
      </object_component>
      <object_component id="oc-33f">
         <name>.text.PinConfigGet</name>
         <load_address>0x200100d8</load_address>
         <readonly>true</readonly>
         <executable>true</executable>
         <run_address>0x200100d8</run_address>
         <size>0x48</size>
         <alignment>0x2</alignment>
         <input_file_ref idref="fl-2d"/>
      </object_component>
      <object_component id="oc-2c0">
         <name>.text.__fixdfsi</name>
         <load_address>0x20010120</load_address>
         <readonly>true</readonly>
         <executable>true</executable>
         <run_address>0x20010120</run_address>
         <size>0x48</size>
         <alignment>0x4</alignment>
         <input_file_ref idref="fl-db"/>
      </object_component>
      <object_component id="oc-290">
         <name>.text.I2CCC32XX_fillTransmitFifo</name>
         <load_address>0x20010168</load_address>
         <readonly>true</readonly>
         <executable>true</executable>
         <run_address>0x20010168</run_address>
         <size>0x46</size>
         <alignment>0x2</alignment>
         <input_file_ref idref="fl-17"/>
      </object_component>
      <object_component id="oc-2e1">
         <name>.text.PRCMLPDSEnterKeepDebugIf</name>
         <load_address>0x200101ae</load_address>
         <readonly>true</readonly>
         <executable>true</executable>
         <run_address>0x200101ae</run_address>
         <size>0x46</size>
         <alignment>0x2</alignment>
         <input_file_ref idref="fl-2e"/>
      </object_component>
      <object_component id="oc-2f8">
         <name>.text.RingBuf_put</name>
         <load_address>0x200101f4</load_address>
         <readonly>true</readonly>
         <executable>true</executable>
         <run_address>0x200101f4</run_address>
         <size>0x46</size>
         <alignment>0x2</alignment>
         <input_file_ref idref="fl-1f"/>
      </object_component>
      <object_component id="oc-1ac">
         <name>.text.GPIODirModeSet</name>
         <load_address>0x2001023a</load_address>
         <readonly>true</readonly>
         <executable>true</executable>
         <run_address>0x2001023a</run_address>
         <size>0x44</size>
         <alignment>0x2</alignment>
         <input_file_ref idref="fl-29"/>
      </object_component>
      <object_component id="oc-55">
         <name>.text.faultISR</name>
         <load_address>0x2001027e</load_address>
         <readonly>true</readonly>
         <executable>true</executable>
         <run_address>0x2001027e</run_address>
         <size>0x2</size>
         <alignment>0x2</alignment>
         <input_file_ref idref="fl-26"/>
      </object_component>
      <object_component id="oc-240">
         <name>.text.GPIO_disableInt</name>
         <load_address>0x20010280</load_address>
         <readonly>true</readonly>
         <executable>true</executable>
         <run_address>0x20010280</run_address>
         <size>0x44</size>
         <alignment>0x4</alignment>
         <input_file_ref idref="fl-15"/>
      </object_component>
      <object_component id="oc-169">
         <name>.text.GPIO_enableInt</name>
         <load_address>0x200102c4</load_address>
         <readonly>true</readonly>
         <executable>true</executable>
         <run_address>0x200102c4</run_address>
         <size>0x44</size>
         <alignment>0x4</alignment>
         <input_file_ref idref="fl-15"/>
      </object_component>
      <object_component id="oc-27f">
         <name>.text.Power_releaseConstraint</name>
         <load_address>0x20010308</load_address>
         <readonly>true</readonly>
         <executable>true</executable>
         <run_address>0x20010308</run_address>
         <size>0x44</size>
         <alignment>0x4</alignment>
         <input_file_ref idref="fl-18"/>
      </object_component>
      <object_component id="oc-179">
         <name>.text.Timer_start</name>
         <load_address>0x2001034c</load_address>
         <readonly>true</readonly>
         <executable>true</executable>
         <run_address>0x2001034c</run_address>
         <size>0x44</size>
         <alignment>0x2</alignment>
         <input_file_ref idref="fl-1a"/>
      </object_component>
      <object_component id="oc-7d">
         <name>.text.addToList</name>
         <load_address>0x20010390</load_address>
         <readonly>true</readonly>
         <executable>true</executable>
         <run_address>0x20010390</run_address>
         <size>0x44</size>
         <alignment>0x4</alignment>
         <input_file_ref idref="fl-23"/>
      </object_component>
      <object_component id="oc-f0">
         <name>.text.initTimer</name>
         <load_address>0x200103d4</load_address>
         <readonly>true</readonly>
         <executable>true</executable>
         <run_address>0x200103d4</run_address>
         <size>0x44</size>
         <alignment>0x4</alignment>
         <input_file_ref idref="fl-1"/>
      </object_component>
      <object_component id="oc-14c">
         <name>.text.snprintf</name>
         <load_address>0x20010418</load_address>
         <readonly>true</readonly>
         <executable>true</executable>
         <run_address>0x20010418</run_address>
         <size>0x44</size>
         <alignment>0x4</alignment>
         <input_file_ref idref="fl-44"/>
      </object_component>
      <object_component id="oc-110">
         <name>.text.PinModeSet</name>
         <load_address>0x2001045c</load_address>
         <readonly>true</readonly>
         <executable>true</executable>
         <run_address>0x2001045c</run_address>
         <size>0x42</size>
         <alignment>0x2</alignment>
         <input_file_ref idref="fl-2d"/>
      </object_component>
      <object_component id="oc-2b1">
         <name>.text.TimerControlStall</name>
         <load_address>0x2001049e</load_address>
         <readonly>true</readonly>
         <executable>true</executable>
         <run_address>0x2001049e</run_address>
         <size>0x42</size>
         <alignment>0x2</alignment>
         <input_file_ref idref="fl-31"/>
      </object_component>
      <object_component id="oc-208">
         <name>.text.Timer_close</name>
         <load_address>0x200104e0</load_address>
         <readonly>true</readonly>
         <executable>true</executable>
         <run_address>0x200104e0</run_address>
         <size>0x42</size>
         <alignment>0x2</alignment>
         <input_file_ref idref="fl-1b"/>
      </object_component>
      <object_component id="oc-222">
         <name>.text.getCountsRTC</name>
         <load_address>0x20010522</load_address>
         <readonly>true</readonly>
         <executable>true</executable>
         <run_address>0x20010522</run_address>
         <size>0x42</size>
         <alignment>0x2</alignment>
         <input_file_ref idref="fl-25"/>
      </object_component>
      <object_component id="oc-125">
         <name>.text.SemaphoreP_post</name>
         <load_address>0x20010564</load_address>
         <readonly>true</readonly>
         <executable>true</executable>
         <run_address>0x20010564</run_address>
         <size>0x40</size>
         <alignment>0x4</alignment>
         <input_file_ref idref="fl-22"/>
      </object_component>
      <object_component id="oc-2a7">
         <name>.text.Timer_stop</name>
         <load_address>0x200105a4</load_address>
         <readonly>true</readonly>
         <executable>true</executable>
         <run_address>0x200105a4</run_address>
         <size>0x40</size>
         <alignment>0x2</alignment>
         <input_file_ref idref="fl-1a"/>
      </object_component>
      <object_component id="oc-314">
         <name>.text.atoi</name>
         <load_address>0x200105e4</load_address>
         <readonly>true</readonly>
         <executable>true</executable>
         <run_address>0x200105e4</run_address>
         <size>0x40</size>
         <alignment>0x4</alignment>
         <input_file_ref idref="fl-57"/>
      </object_component>
      <object_component id="oc-2ff">
         <name>.text.uDMAChannelControlSet</name>
         <load_address>0x20010624</load_address>
         <readonly>true</readonly>
         <executable>true</executable>
         <run_address>0x20010624</run_address>
         <size>0x40</size>
         <alignment>0x2</alignment>
         <input_file_ref idref="fl-33"/>
      </object_component>
      <object_component id="oc-341">
         <name>.text.PinDirModeSet</name>
         <load_address>0x20010664</load_address>
         <readonly>true</readonly>
         <executable>true</executable>
         <run_address>0x20010664</run_address>
         <size>0x3e</size>
         <alignment>0x2</alignment>
         <input_file_ref idref="fl-2d"/>
      </object_component>
      <object_component id="oc-54">
         <name>.text.nmiISR</name>
         <load_address>0x200106a2</load_address>
         <readonly>true</readonly>
         <executable>true</executable>
         <run_address>0x200106a2</run_address>
         <size>0x2</size>
         <alignment>0x2</alignment>
         <input_file_ref idref="fl-26"/>
      </object_component>
      <object_component id="oc-23b">
         <name>.text.ClockP_stop</name>
         <load_address>0x200106a4</load_address>
         <readonly>true</readonly>
         <executable>true</executable>
         <run_address>0x200106a4</run_address>
         <size>0x3c</size>
         <alignment>0x4</alignment>
         <input_file_ref idref="fl-23"/>
      </object_component>
      <object_component id="oc-1d1">
         <name>.text.UDMACC32XX_init</name>
         <load_address>0x200106e0</load_address>
         <readonly>true</readonly>
         <executable>true</executable>
         <run_address>0x200106e0</run_address>
         <size>0x3c</size>
         <alignment>0x4</alignment>
         <input_file_ref idref="fl-20"/>
      </object_component>
      <object_component id="oc-212">
         <name>.text.TimerSupport_timerEnable</name>
         <load_address>0x2001071c</load_address>
         <readonly>true</readonly>
         <executable>true</executable>
         <run_address>0x2001071c</run_address>
         <size>0x3a</size>
         <alignment>0x2</alignment>
         <input_file_ref idref="fl-1b"/>
      </object_component>
      <object_component id="oc-1a6">
         <name>.text.ClockP_destruct</name>
         <load_address>0x20010758</load_address>
         <readonly>true</readonly>
         <executable>true</executable>
         <run_address>0x20010758</run_address>
         <size>0x38</size>
         <alignment>0x4</alignment>
         <input_file_ref idref="fl-23"/>
      </object_component>
      <object_component id="oc-2b6">
         <name>.text.Power_setConstraint</name>
         <load_address>0x20010790</load_address>
         <readonly>true</readonly>
         <executable>true</executable>
         <run_address>0x20010790</run_address>
         <size>0x38</size>
         <alignment>0x4</alignment>
         <input_file_ref idref="fl-18"/>
      </object_component>
      <object_component id="oc-2fc">
         <name>.text.RingBuf_putAdvance</name>
         <load_address>0x200107c8</load_address>
         <readonly>true</readonly>
         <executable>true</executable>
         <run_address>0x200107c8</run_address>
         <size>0x38</size>
         <alignment>0x2</alignment>
         <input_file_ref idref="fl-1f"/>
      </object_component>
      <object_component id="oc-233">
         <name>.text.SwiP_restore</name>
         <load_address>0x20010800</load_address>
         <readonly>true</readonly>
         <executable>true</executable>
         <run_address>0x20010800</run_address>
         <size>0x38</size>
         <alignment>0x4</alignment>
         <input_file_ref idref="fl-27"/>
      </object_component>
      <object_component id="oc-271">
         <name>.text.UDMACC32XX_close</name>
         <load_address>0x20010838</load_address>
         <readonly>true</readonly>
         <executable>true</executable>
         <run_address>0x20010838</run_address>
         <size>0x38</size>
         <alignment>0x4</alignment>
         <input_file_ref idref="fl-20"/>
      </object_component>
      <object_component id="oc-17c">
         <name>.text.changeSetPointTemp</name>
         <load_address>0x20010870</load_address>
         <readonly>true</readonly>
         <executable>true</executable>
         <run_address>0x20010870</run_address>
         <size>0x38</size>
         <alignment>0x4</alignment>
         <input_file_ref idref="fl-1"/>
      </object_component>
      <object_component id="oc-bf">
         <name>.text:__TI_auto_init_nobinit_nopinit</name>
         <load_address>0x200108a8</load_address>
         <readonly>true</readonly>
         <executable>true</executable>
         <run_address>0x200108a8</run_address>
         <size>0x38</size>
         <alignment>0x4</alignment>
         <input_file_ref idref="fl-48"/>
      </object_component>
      <object_component id="oc-2d7">
         <name>.text.PinLock</name>
         <load_address>0x200108e0</load_address>
         <readonly>true</readonly>
         <executable>true</executable>
         <run_address>0x200108e0</run_address>
         <size>0x36</size>
         <alignment>0x2</alignment>
         <input_file_ref idref="fl-2d"/>
      </object_component>
      <object_component id="oc-20f">
         <name>.text.TimerCC32XX_hwiIntFunction</name>
         <load_address>0x20010916</load_address>
         <readonly>true</readonly>
         <executable>true</executable>
         <run_address>0x20010916</run_address>
         <size>0x36</size>
         <alignment>0x2</alignment>
         <input_file_ref idref="fl-1b"/>
      </object_component>
      <object_component id="oc-383">
         <name>.text.UARTCharPutNonBlocking</name>
         <load_address>0x2001094c</load_address>
         <readonly>true</readonly>
         <executable>true</executable>
         <run_address>0x2001094c</run_address>
         <size>0x36</size>
         <alignment>0x2</alignment>
         <input_file_ref idref="fl-32"/>
      </object_component>
      <object_component id="oc-1a3">
         <name>.text.ClockP_start</name>
         <load_address>0x20010984</load_address>
         <readonly>true</readonly>
         <executable>true</executable>
         <run_address>0x20010984</run_address>
         <size>0x34</size>
         <alignment>0x4</alignment>
         <input_file_ref idref="fl-23"/>
      </object_component>
      <object_component id="oc-306">
         <name>.text.I2CFIFODataPutNonBlocking</name>
         <load_address>0x200109b8</load_address>
         <readonly>true</readonly>
         <executable>true</executable>
         <run_address>0x200109b8</run_address>
         <size>0x34</size>
         <alignment>0x2</alignment>
         <input_file_ref idref="fl-2b"/>
      </object_component>
      <object_component id="oc-340">
         <name>.text.PinDirModeGet</name>
         <load_address>0x200109ec</load_address>
         <readonly>true</readonly>
         <executable>true</executable>
         <run_address>0x200109ec</run_address>
         <size>0x34</size>
         <alignment>0x2</alignment>
         <input_file_ref idref="fl-2d"/>
      </object_component>
      <object_component id="oc-10b">
         <name>.text.PinModeGet</name>
         <load_address>0x20010a20</load_address>
         <readonly>true</readonly>
         <executable>true</executable>
         <run_address>0x20010a20</run_address>
         <size>0x34</size>
         <alignment>0x2</alignment>
         <input_file_ref idref="fl-2d"/>
      </object_component>
      <object_component id="oc-2d5">
         <name>.text.PowerCC32XX_parkPin</name>
         <load_address>0x20010a54</load_address>
         <readonly>true</readonly>
         <executable>true</executable>
         <run_address>0x20010a54</run_address>
         <size>0x34</size>
         <alignment>0x2</alignment>
         <input_file_ref idref="fl-18"/>
      </object_component>
      <object_component id="oc-2a9">
         <name>.text.TimerCC32XX_freeTimerResource</name>
         <load_address>0x20010a88</load_address>
         <readonly>true</readonly>
         <executable>true</executable>
         <run_address>0x20010a88</run_address>
         <size>0x34</size>
         <alignment>0x4</alignment>
         <input_file_ref idref="fl-1b"/>
      </object_component>
      <object_component id="oc-26d">
         <name>.text.UART2_rxDisable</name>
         <load_address>0x20010abc</load_address>
         <readonly>true</readonly>
         <executable>true</executable>
         <run_address>0x20010abc</run_address>
         <size>0x34</size>
         <alignment>0x2</alignment>
         <input_file_ref idref="fl-1c"/>
      </object_component>
      <object_component id="oc-4f">
         <name>.text.initVectors</name>
         <load_address>0x20010af0</load_address>
         <readonly>true</readonly>
         <executable>true</executable>
         <run_address>0x20010af0</run_address>
         <size>0x34</size>
         <alignment>0x4</alignment>
         <input_file_ref idref="fl-26"/>
      </object_component>
      <object_component id="oc-21f">
         <name>.text.ClockP_getTicksUntilInterrupt</name>
         <load_address>0x20010b24</load_address>
         <readonly>true</readonly>
         <executable>true</executable>
         <run_address>0x20010b24</run_address>
         <size>0x30</size>
         <alignment>0x4</alignment>
         <input_file_ref idref="fl-23"/>
      </object_component>
      <object_component id="oc-28f">
         <name>.text.I2CFIFODataGetNonBlocking</name>
         <load_address>0x20010b54</load_address>
         <readonly>true</readonly>
         <executable>true</executable>
         <run_address>0x20010b54</run_address>
         <size>0x30</size>
         <alignment>0x2</alignment>
         <input_file_ref idref="fl-2b"/>
      </object_component>
      <object_component id="oc-22c">
         <name>.text.PRCMLPDSIntervalSet</name>
[...]
      </symbol>
      <symbol id="sm-545">
         <name>PinLockLevelSet</name>
         <value>0x2000f3f1</value>
         <object_component_ref idref="oc-2d6"/>
      </symbol>
      <symbol id="sm-546">
         <name>PinModeGet</name>
         <value>0x20010a21</value>
         <object_component_ref idref="oc-10b"/>
      </symbol>
      <symbol id="sm-547">
         <name>PinModeSet</name>
         <value>0x2001045d</value>
         <object_component_ref idref="oc-110"/>
      </symbol>
      <symbol id="sm-548">
         <name>PinToPadGet</name>
         <value>0x200114d9</value>
         <object_component_ref idref="oc-275"/>
      </symbol>
      <symbol id="sm-549">
         <name>PinTypeI2C</name>
         <value>0x20011235</value>
         <object_component_ref idref="oc-1eb"/>
      </symbol>
      <symbol id="sm-54a">
         <name>PinTypeUART</name>
         <value>0x200112f5</value>
         <object_component_ref idref="oc-248"/>
      </symbol>
      <symbol id="sm-54b">
         <name>PinUnlock</name>
         <value>0x200111af</value>
         <object_component_ref idref="oc-2dd"/>
      </symbol>
      <symbol id="sm-5fd">
         <name>PRCMCC3200MCUInit</name>
         <value>0x2000c8ad</value>
         <object_component_ref idref="oc-d2"/>
      </symbol>
      <symbol id="sm-5fe">
         <name>PRCMHIBRegRead</name>
         <value>0x2001148b</value>
         <object_component_ref idref="oc-107"/>
      </symbol>
      <symbol id="sm-5ff">
         <name>PRCMHIBRegWrite</name>
         <value>0x200114a5</value>
         <object_component_ref idref="oc-106"/>
      </symbol>
      <symbol id="sm-600">
         <name>PRCMHibernateWakeUpGPIOSelect</name>
         <value>0x2000f299</value>
         <object_component_ref idref="oc-191"/>
      </symbol>
      <symbol id="sm-601">
         <name>PRCMHibernateWakeupSourceDisable</name>
         <value>0x2000f995</value>
         <object_component_ref idref="oc-193"/>
      </symbol>
      <symbol id="sm-602">
         <name>PRCMHibernateWakeupSourceEnable</name>
         <value>0x2000fcfd</value>
         <object_component_ref idref="oc-192"/>
      </symbol>
      <symbol id="sm-603">
         <name>PRCMIntEnable</name>
         <value>0x20010049</value>
         <object_component_ref idref="oc-2dc"/>
      </symbol>
      <symbol id="sm-604">
         <name>PRCMLPDSEnter</name>
         <value>0x2000fb59</value>
         <object_component_ref idref="oc-2e2"/>
      </symbol>
      <symbol id="sm-605">
         <name>PRCMLPDSEnterKeepDebugIf</name>
         <value>0x200101af</value>
         <object_component_ref idref="oc-2e1"/>
      </symbol>
      <symbol id="sm-606">
         <name>PRCMLPDSIntervalSet</name>
         <value>0x20010b85</value>
         <object_component_ref idref="oc-22c"/>
      </symbol>
      <symbol id="sm-607">
         <name>PRCMLPDSRestoreInfoSet</name>
         <value>0x2000fe89</value>
         <object_component_ref idref="oc-342"/>
      </symbol>
      <symbol id="sm-608">
         <name>PRCMLPDSWakeUpGPIOSelect</name>
         <value>0x20010e3d</value>
         <object_component_ref idref="oc-190"/>
      </symbol>
      <symbol id="sm-609">
         <name>PRCMLPDSWakeupCauseGet</name>
         <value>0x20011a3d</value>
         <object_component_ref idref="oc-2df"/>
      </symbol>
      <symbol id="sm-60a">
         <name>PRCMLPDSWakeupSourceDisable</name>
         <value>0x200114bf</value>
         <object_component_ref idref="oc-18f"/>
      </symbol>
      <symbol id="sm-60b">
         <name>PRCMLPDSWakeupSourceEnable</name>
         <value>0x20011091</value>
         <object_component_ref idref="oc-18e"/>
      </symbol>
      <symbol id="sm-60c">
         <name>PRCMPeripheralClkDisable</name>
         <value>0x20010e67</value>
         <object_component_ref idref="oc-10a"/>
      </symbol>
      <symbol id="sm-60d">
         <name>PRCMPeripheralClkEnable</name>
         <value>0x2000fa4d</value>
         <object_component_ref idref="oc-108"/>
      </symbol>
      <symbol id="sm-60e">
         <name>PRCMPeripheralReset</name>
         <value>0x2000f679</value>
         <object_component_ref idref="oc-109"/>
      </symbol>
      <symbol id="sm-60f">
         <name>PRCMPeripheralStatusGet</name>
         <value>0x20010091</value>
         <object_component_ref idref="oc-23c"/>
      </symbol>
      <symbol id="sm-610">
         <name>PRCMSRAMRetentionEnable</name>
         <value>0x20010f83</value>
         <object_component_ref idref="oc-2d4"/>
      </symbol>
      <symbol id="sm-611">
         <name>PRCMSleepEnter</name>
         <value>0x20011b3d</value>
         <object_component_ref idref="oc-232"/>
      </symbol>
      <symbol id="sm-612">
         <name>PRCMSlowClkCtrFastGet</name>
         <value>0x20010bb5</value>
         <object_component_ref idref="oc-2cb"/>
      </symbol>
      <symbol id="sm-613">
         <name>PRCMSysResetCauseGet</name>
         <value>0x2000f019</value>
         <object_component_ref idref="oc-101"/>
      </symbol>
      <symbol id="sm-631">
         <name>SysTickEnable</name>
         <value>0x2001180b</value>
         <object_component_ref idref="oc-230"/>
      </symbol>
      <symbol id="sm-632">
         <name>SysTickIntDisable</name>
         <value>0x2001181d</value>
         <object_component_ref idref="oc-227"/>
      </symbol>
      <symbol id="sm-633">
         <name>SysTickIntEnable</name>
         <value>0x2001182f</value>
         <object_component_ref idref="oc-231"/>
      </symbol>
      <symbol id="sm-634">
         <name>SysTickPeriodSet</name>
         <value>0x200115dd</value>
         <object_component_ref idref="oc-22f"/>
      </symbol>
      <symbol id="sm-673">
         <name>TimerControlStall</name>
         <value>0x2001049f</value>
         <object_component_ref idref="oc-2b1"/>
      </symbol>
      <symbol id="sm-674">
         <name>TimerDisable</name>
         <value>0x200112d5</value>
         <object_component_ref idref="oc-2aa"/>
      </symbol>
      <symbol id="sm-675">
         <name>TimerEnable</name>
         <value>0x200114f3</value>
         <object_component_ref idref="oc-2b7"/>
      </symbol>
      <symbol id="sm-676">
         <name>TimerIntClear</name>
         <value>0x200118f5</value>
         <object_component_ref idref="oc-2b4"/>
      </symbol>
      <symbol id="sm-677">
         <name>TimerIntDisable</name>
         <value>0x200115f3</value>
         <object_component_ref idref="oc-385"/>
      </symbol>
      <symbol id="sm-678">
         <name>TimerIntEnable</name>
         <value>0x20011701</value>
         <object_component_ref idref="oc-2b5"/>
      </symbol>
      <symbol id="sm-679">
         <name>TimerLoadSet</name>
         <value>0x20010be5</value>
         <object_component_ref idref="oc-2b0"/>
      </symbol>
      <symbol id="sm-67a">
         <name>TimerPrescaleSet</name>
         <value>0x20010c15</value>
         <object_component_ref idref="oc-2af"/>
      </symbol>
      <symbol id="sm-6e4">
         <name>UARTBusy</name>
         <value>0x20011925</value>
         <object_component_ref idref="oc-384"/>
      </symbol>
      <symbol id="sm-6e5">
         <name>UARTCharPutNonBlocking</name>
         <value>0x2001094d</value>
         <object_component_ref idref="oc-383"/>
      </symbol>
      <symbol id="sm-6e6">
         <name>UARTCharsAvail</name>
         <value>0x20011609</value>
         <object_component_ref idref="oc-27d"/>
      </symbol>
      <symbol id="sm-6e7">
         <name>UARTConfigSetExpClk</name>
         <value>0x2000f30d</value>
         <object_component_ref idref="oc-255"/>
      </symbol>
      <symbol id="sm-6e8">
         <name>UARTDMADisable</name>
         <value>0x2001161f</value>
         <object_component_ref idref="oc-26c"/>
      </symbol>
      <symbol id="sm-6e9">
         <name>UARTDMAEnable</name>
         <value>0x20011715</value>
         <object_component_ref idref="oc-302"/>
      </symbol>
      <symbol id="sm-6ea">
         <name>UARTDisable</name>
         <value>0x20010d5f</value>
         <object_component_ref idref="oc-26e"/>
      </symbol>
      <symbol id="sm-6eb">
         <name>UARTEnable</name>
         <value>0x20011331</value>
         <object_component_ref idref="oc-25b"/>
      </symbol>
      <symbol id="sm-6ec">
         <name>UARTFIFOLevelSet</name>
         <value>0x20011635</value>
         <object_component_ref idref="oc-25d"/>
      </symbol>
      <symbol id="sm-6ed">
         <name>UARTFlowControlSet</name>
         <value>0x2001150d</value>
         <object_component_ref idref="oc-25e"/>
      </symbol>
      <symbol id="sm-6ee">
         <name>UARTIntClear</name>
         <value>0x20011935</value>
         <object_component_ref idref="oc-25a"/>
      </symbol>
      <symbol id="sm-6ef">
         <name>UARTIntDisable</name>
         <value>0x2001164b</value>
         <object_component_ref idref="oc-26b"/>
      </symbol>
      <symbol id="sm-6f0">
         <name>UARTIntEnable</name>
         <value>0x20011729</value>
         <object_component_ref idref="oc-25c"/>
      </symbol>
      <symbol id="sm-6f1">
         <name>UARTIntStatus</name>
         <value>0x20010e91</value>
         <object_component_ref idref="oc-278"/>
      </symbol>
      <symbol id="sm-6f2">
         <name>UARTRxErrorGet</name>
         <value>0x20011945</value>
         <object_component_ref idref="oc-27a"/>
      </symbol>
      <symbol id="sm-74b">
         <name>uDMAChannelAssign</name>
         <value>0x2000fded</value>
         <object_component_ref idref="oc-25f"/>
      </symbol>
      <symbol id="sm-74c">
         <name>uDMAChannelAttributeDisable</name>
         <value>0x2000eef7</value>
         <object_component_ref idref="oc-260"/>
      </symbol>
      <symbol id="sm-74d">
         <name>uDMAChannelControlSet</name>
         <value>0x20010625</value>
         <object_component_ref idref="oc-2ff"/>
      </symbol>
      <symbol id="sm-74e">
         <name>uDMAChannelDisable</name>
         <value>0x2001136d</value>
         <object_component_ref idref="oc-2f9"/>
      </symbol>
      <symbol id="sm-74f">
         <name>uDMAChannelEnable</name>
         <value>0x2001138b</value>
         <object_component_ref idref="oc-301"/>
      </symbol>
      <symbol id="sm-750">
         <name>uDMAChannelIsEnabled</name>
         <value>0x200113a9</value>
         <object_component_ref idref="oc-27b"/>
      </symbol>
      <symbol id="sm-751">
         <name>uDMAChannelSizeGet</name>
         <value>0x2000ffb5</value>
         <object_component_ref idref="oc-2fa"/>
      </symbol>
      <symbol id="sm-752">
         <name>uDMAChannelTransferSet</name>
         <value>0x2000e09f</value>
         <object_component_ref idref="oc-300"/>
      </symbol>
      <symbol id="sm-753">
         <name>uDMAControlBaseSet</name>
         <value>0x20011765</value>
         <object_component_ref idref="oc-252"/>
      </symbol>
      <symbol id="sm-754">
         <name>uDMAEnable</name>
         <value>0x200119bd</value>
         <object_component_ref idref="oc-24d"/>
      </symbol>
      <symbol id="sm-755">
         <name>uDMAErrorStatusClear</name>
         <value>0x200119cb</value>
         <object_component_ref idref="oc-38c"/>
      </symbol>
      <symbol id="sm-756">
         <name>uDMAErrorStatusGet</name>
         <value>0x20011ab5</value>
         <object_component_ref idref="oc-38b"/>
      </symbol>
      <symbol id="sm-757">
         <name>uDMAIntClear</name>
         <value>0x20011779</value>
         <object_component_ref idref="oc-2fb"/>
      </symbol>
      <symbol id="sm-762">
         <name>UtilsDelay</name>
         <value>0x20011b45</value>
         <object_component_ref idref="oc-102"/>
      </symbol>
      <symbol id="sm-78f">
         <name>FlashDisable</name>
         <value>0x2000f8dd</value>
         <object_component_ref idref="oc-344"/>
      </symbol>
      <symbol id="sm-7a0">
         <name>snprintf</name>
         <value>0x20010419</value>
         <object_component_ref idref="oc-14c"/>
      </symbol>
      <symbol id="sm-7c0">
         <name>malloc</name>
         <value>0x20011b5d</value>
         <object_component_ref idref="oc-236"/>
      </symbol>
      <symbol id="sm-7c1">
         <name>aligned_alloc</name>
         <value>0x2000de65</value>
         <object_component_ref idref="oc-2e5"/>
      </symbol>
      <symbol id="sm-7c2">
         <name>free</name>
         <value>0x2000e2ad</value>
         <object_component_ref idref="oc-1a0"/>
      </symbol>
      <symbol id="sm-7c3">
         <name>_sys_memory</name>
         <value>0x20004040</value>
         <object_component_ref idref="oc-31"/>
      </symbol>
      <symbol id="sm-7c4">
         <name>memalign</name>
         <value>0x2000de65</value>
         <object_component_ref idref="oc-2e5"/>
      </symbol>
      <symbol id="sm-7cf">
         <name>_c_int00_noargs</name>
         <value>0x20011169</value>
         <object_component_ref idref="oc-76"/>
      </symbol>
      <symbol id="sm-7d0">
         <name>__stack</name>
         <value>0x20003000</value>
         <object_component_ref idref="oc-16"/>
      </symbol>
      <symbol id="sm-7dc">
         <name>__TI_auto_init_nobinit_nopinit</name>
         <value>0x200108a9</value>
         <object_component_ref idref="oc-bf"/>
      </symbol>
      <symbol id="sm-7e4">
         <name>_system_pre_init</name>
         <value>0x20011ba5</value>
         <object_component_ref idref="oc-8b"/>
      </symbol>
      <symbol id="sm-7ef">
         <name>__TI_zero_init</name>
         <value>0x20011975</value>
         <object_component_ref idref="oc-49"/>
      </symbol>
      <symbol id="sm-7f8">
         <name>__TI_decompress_none</name>
         <value>0x200119e7</value>
         <object_component_ref idref="oc-1c"/>
      </symbol>
      <symbol id="sm-802">
         <name>__TI_decompress_lzss</name>
         <value>0x2000f381</value>
         <object_component_ref idref="oc-18"/>
      </symbol>
      <symbol id="sm-822">
         <name>__TI_printfi_nofloat</name>
         <value>0x2000c041</value>
         <object_component_ref idref="oc-29b"/>
      </symbol>
      <symbol id="sm-82f">
         <name>__aeabi_errno_addr</name>
         <value>0x20011b4d</value>
         <object_component_ref idref="oc-31c"/>
      </symbol>
      <symbol id="sm-830">
         <name>__aeabi_errno</name>
         <value>0x200133a4</value>
         <object_component_ref idref="oc-35a"/>
      </symbol>
      <symbol id="sm-83a">
         <name>abort</name>
         <value>0x20011ba9</value>
         <object_component_ref idref="oc-b8"/>
      </symbol>
      <symbol id="sm-83b">
         <name>C$$EXIT</name>
         <value>0x20011ba8</value>
         <object_component_ref idref="oc-b8"/>
      </symbol>
      <symbol id="sm-844">
         <name>_nop</name>
         <value>0x2000faa7</value>
         <object_component_ref idref="oc-17f"/>
      </symbol>
      <symbol id="sm-845">
         <name>_lock</name>
         <value>0x200133a8</value>
         <object_component_ref idref="oc-f7"/>
      </symbol>
      <symbol id="sm-846">
         <name>_unlock</name>
         <value>0x200133ac</value>
         <object_component_ref idref="oc-fa"/>
      </symbol>
      <symbol id="sm-853">
         <name>atoi</name>
         <value>0x200105e5</value>
         <object_component_ref idref="oc-314"/>
      </symbol>
      <symbol id="sm-85d">
         <name>memccpy</name>
         <value>0x2001134f</value>
         <object_component_ref idref="oc-30d"/>
      </symbol>
      <symbol id="sm-866">
         <name>wcslen</name>
         <value>0x20011965</value>
         <object_component_ref idref="oc-318"/>
      </symbol>
      <symbol id="sm-86c">
         <name>__aeabi_ctype_table_</name>
         <value>0x20012620</value>
         <object_component_ref idref="oc-353"/>
      </symbol>
      <symbol id="sm-86d">
         <name>__aeabi_ctype_table_C</name>
         <value>0x20012620</value>
         <object_component_ref idref="oc-353"/>
      </symbol>
      <symbol id="sm-885">
         <name>__aeabi_dmul</name>
         <value>0x2000e1b1</value>
         <object_component_ref idref="oc-2bc"/>
      </symbol>
      <symbol id="sm-886">
         <name>__muldf3</name>
         <value>0x2000e1b1</value>
         <object_component_ref idref="oc-2bc"/>
      </symbol>
      <symbol id="sm-88c">
         <name>__aeabi_d2iz</name>
         <value>0x20010121</value>
         <object_component_ref idref="oc-2c0"/>
      </symbol>
      <symbol id="sm-88d">
         <name>__fixdfsi</name>
         <value>0x20010121</value>
         <object_component_ref idref="oc-2c0"/>
      </symbol>
      <symbol id="sm-893">
         <name>__aeabi_i2d</name>
         <value>0x20010d8d</value>
         <object_component_ref idref="oc-2b8"/>
      </symbol>
      <symbol id="sm-894">
         <name>__floatsidf</name>
         <value>0x20010d8d</value>
         <object_component_ref idref="oc-2b8"/>
      </symbol>
      <symbol id="sm-89a">
         <name>__aeabi_memcpy</name>
         <value>0x20011ba1</value>
         <object_component_ref idref="oc-3c"/>
      </symbol>
      <symbol id="sm-89b">
         <name>__aeabi_memcpy4</name>
         <value>0x20011ba1</value>
         <object_component_ref idref="oc-3c"/>
      </symbol>
      <symbol id="sm-89c">
         <name>__aeabi_memcpy8</name>
         <value>0x20011ba1</value>
         <object_component_ref idref="oc-3c"/>
      </symbol>
      <symbol id="sm-8a5">
         <name>__aeabi_memset</name>
         <value>0x20011b09</value>
         <object_component_ref idref="oc-30c"/>
      </symbol>
      <symbol id="sm-8a6">
         <name>__aeabi_memset4</name>
         <value>0x20011b09</value>
         <object_component_ref idref="oc-30c"/>
      </symbol>
      <symbol id="sm-8a7">
         <name>__aeabi_memset8</name>
         <value>0x20011b09</value>
         <object_component_ref idref="oc-30c"/>
      </symbol>
      <symbol id="sm-8a8">
         <name>__aeabi_memclr</name>
         <value>0x20011b55</value>
         <object_component_ref idref="oc-67"/>
      </symbol>
      <symbol id="sm-8a9">
         <name>__aeabi_memclr4</name>
         <value>0x20011b55</value>
         <object_component_ref idref="oc-67"/>
      </symbol>
      <symbol id="sm-8aa">
         <name>__aeabi_memclr8</name>
         <value>0x20011b55</value>
         <object_component_ref idref="oc-67"/>
      </symbol>
      <symbol id="sm-8b0">
         <name>__aeabi_uldivmod</name>
         <value>0x2001173d</value>
         <object_component_ref idref="oc-223"/>
      </symbol>
      <symbol id="sm-8b6">
         <name>__udivmoddi4</name>
         <value>0x2000e945</value>
         <object_component_ref idref="oc-2cc"/>
      </symbol>
      <symbol id="sm-8c1">
         <name>__aeabi_ldiv0</name>
         <value>0x2000f81b</value>
         <object_component_ref idref="oc-338"/>
      </symbol>
      <symbol id="sm-8ca">
         <name>TI_memcpy_small</name>
         <value>0x20011853</value>
         <object_component_ref idref="oc-81"/>
      </symbol>
      <symbol id="sm-8d2">
         <name>TI_memset_small</name>
         <value>0x200119d9</value>
         <object_component_ref idref="oc-9e"/>
      </symbol>
      <symbol id="sm-8d3">
         <name>__TI_static_base__</name>
         <value>0x200133b8</value>
      </symbol>
      <symbol id="sm-8d6">
         <name>ITM_flush</name>
         <value>0x0</value>
      </symbol>
      <symbol id="sm-8d7">
         <name>ITM_restore</name>
         <value>0x0</value>
      </symbol>
      <symbol id="sm-8d8">
         <name>__mpu_init</name>
         <value>0x0</value>
      </symbol>
      <symbol id="sm-8d9">
         <name>_system_post_cinit</name>
         <value>0x0</value>
      </symbol>
   </symbol_table>
   <title>Link successful</title>
</link_info>
